\BOOKMARK [0][]{toc.0}{\376\377\166\356\137\125}{}% 1
\BOOKMARK [0][]{chapter.1}{\376\377\173\054\0001\172\340\000\040\000\040\137\025\212\000}{}% 2
\BOOKMARK [1][]{section.1.1}{\376\377\0001\000.\0001\000\040\170\024\172\166\200\314\146\157}{chapter.1}% 3
\BOOKMARK [2][]{subsection.1.1.1}{\376\377\0001\000.\0001\000.\0001\000\040\136\224\165\050\200\314\146\157}{section.1.1}% 4
\BOOKMARK [2][]{subsection.1.1.2}{\376\377\0001\000.\0001\000.\0002\000\040\142\200\147\057\200\314\146\157}{section.1.1}% 5
\BOOKMARK [1][]{section.1.2}{\376\377\0001\000.\0002\000\040\170\024\172\166\166\356\166\204\123\312\141\017\116\111}{chapter.1}% 6
\BOOKMARK [2][]{subsection.1.2.1}{\376\377\0001\000.\0002\000.\0001\000\040\170\024\172\166\166\356\166\204}{section.1.2}% 7
\BOOKMARK [2][]{subsection.1.2.2}{\376\377\0001\000.\0002\000.\0002\000\040\170\024\172\166\141\017\116\111}{section.1.2}% 8
\BOOKMARK [1][]{section.1.3}{\376\377\0001\000.\0003\000\040\170\024\172\166\163\260\162\266\123\312\213\276\213\241\140\035\215\357}{chapter.1}% 9
\BOOKMARK [2][]{subsection.1.3.1}{\376\377\0001\000.\0003\000.\0001\000\040\126\375\131\026\170\024\172\166\163\260\162\266}{section.1.3}% 10
\BOOKMARK [2][]{subsection.1.3.2}{\376\377\0001\000.\0003\000.\0002\000\040\126\375\121\205\170\024\172\166\163\260\162\266}{section.1.3}% 11
\BOOKMARK [2][]{subsection.1.3.3}{\376\377\0001\000.\0003\000.\0003\000\040\133\130\127\050\166\204\116\073\211\201\225\356\230\230}{section.1.3}% 12
\BOOKMARK [2][]{subsection.1.3.4}{\376\377\0001\000.\0003\000.\0004\000\040\147\054\145\207\166\204\213\276\213\241\140\035\215\357}{section.1.3}% 13
\BOOKMARK [1][]{section.1.4}{\376\377\0001\000.\0004\000\040\123\321\134\125\215\213\122\277}{chapter.1}% 14
\BOOKMARK [1][]{section.1.5}{\376\377\0001\000.\0005\000\040\116\073\211\201\121\205\133\271\124\214\213\272\145\207\176\304\176\307}{chapter.1}% 15
\BOOKMARK [0][]{chapter.2}{\376\377\173\054\0002\172\340\000\040\000\040\174\373\176\337\140\073\117\123\213\276\213\241}{}% 16
\BOOKMARK [1][]{section.2.1}{\376\377\0002\000.\0001\000\040\174\373\176\337\213\276\213\241\135\345\117\134\123\237\164\006\123\312\123\237\164\006\150\106\126\376}{chapter.2}% 17
\BOOKMARK [2][]{subsection.2.1.1}{\376\377\0002\000.\0001\000.\0001\000\040\127\372\147\054\135\345\117\134\123\237\164\006}{section.2.1}% 18
\BOOKMARK [2][]{subsection.2.1.2}{\376\377\0002\000.\0001\000.\0002\000\040\174\373\176\337\123\237\164\006\150\106\126\376\116\016\152\041\127\127\213\364\146\016}{section.2.1}% 19
\BOOKMARK [1][]{section.2.2}{\376\377\0002\000.\0002\000\040\174\373\176\337\213\276\213\241\211\201\154\102}{chapter.2}% 20
\BOOKMARK [2][]{subsection.2.2.1}{\376\377\0002\000.\0002\000.\0001\000\040\122\237\200\375\140\047\211\201\154\102}{section.2.2}% 21
\BOOKMARK [2][]{subsection.2.2.2}{\376\377\0002\000.\0002\000.\0002\000\040\140\047\200\375\143\007\150\007\211\201\154\102}{section.2.2}% 22
\BOOKMARK [2][]{subsection.2.2.3}{\376\377\0002\000.\0002\000.\0003\000\040\176\246\147\137\147\141\116\366\116\016\213\276\213\241\217\271\165\114}{section.2.2}% 23
\BOOKMARK [1][]{section.2.3}{\376\377\0002\000.\0003\000\040\121\163\225\056\126\150\116\366\220\011\127\213\116\016\143\245\123\343\213\276\213\241}{chapter.2}% 24
\BOOKMARK [2][]{subsection.2.3.1}{\376\377\0002\000.\0003\000.\0001\000\040\116\073\143\247\126\150\116\366}{section.2.3}% 25
\BOOKMARK [2][]{subsection.2.3.2}{\376\377\0002\000.\0003\000.\0002\000\040\117\040\141\037\126\150\116\016\211\306\211\311\152\041\127\127}{section.2.3}% 26
\BOOKMARK [2][]{subsection.2.3.3}{\376\377\0002\000.\0003\000.\0003\000\040\142\147\210\114\147\072\147\204\116\016\143\245\123\343\213\276\213\241}{section.2.3}% 27
\BOOKMARK [1][]{section.2.4}{\376\377\0002\000.\0004\000\040\147\054\172\340\134\017\176\323}{chapter.2}% 28
\BOOKMARK [0][]{chapter.3}{\376\377\173\054\0003\172\340\000\040\000\040\174\373\176\337\170\154\116\366\213\276\213\241}{}% 29
\BOOKMARK [1][]{section.3.1}{\376\377\0003\000.\0001\000\040\123\125\162\107\147\072\143\247\122\066\150\070\137\303\165\065\215\357}{chapter.3}% 30
\BOOKMARK [1][]{