Component: Arm Compiler for Embedded 6.22 Tool: armlink [5ee90200]

==============================================================================

Section Cross References

    startup_mspm0g350x_uvision.o(RESET) refers to startup_mspm0g350x_uvision.o(STACK) for __initial_sp
    startup_mspm0g350x_uvision.o(RESET) refers to startup_mspm0g350x_uvision.o(.text) for Reset_Handler
    startup_mspm0g350x_uvision.o(RESET) refers to encoder.o(.text.GROUP1_IRQHandler) for GROUP1_IRQHandler
    startup_mspm0g350x_uvision.o(RESET) refers to adc.o(.text.ADC0_IRQHandler) for ADC0_IRQHandler
    startup_mspm0g350x_uvision.o(RESET) refers to uart_callback.o(.text.UART1_IRQHandler) for UART1_IRQHandler
    startup_mspm0g350x_uvision.o(RESET) refers to control.o(.text.TIMG0_IRQHandler) for TIMG0_IRQHandler
    startup_mspm0g350x_uvision.o(.text) refers to entry.o(.ARM.Collect$$$$00000000) for __main
    ti_msp_dl_config.o(.text.SYSCFG_DL_init) refers to ti_msp_dl_config.o(.text.SYSCFG_DL_initPower) for SYSCFG_DL_initPower
    ti_msp_dl_config.o(.text.SYSCFG_DL_init) refers to ti_msp_dl_config.o(.text.SYSCFG_DL_GPIO_init) for SYSCFG_DL_GPIO_init
    ti_msp_dl_config.o(.text.SYSCFG_DL_init) refers to ti_msp_dl_config.o(.text.SYSCFG_DL_SYSCTL_init) for SYSCFG_DL_SYSCTL_init
    ti_msp_dl_config.o(.text.SYSCFG_DL_init) refers to ti_msp_dl_config.o(.text.SYSCFG_DL_PWM_0_init) for SYSCFG_DL_PWM_0_init
    ti_msp_dl_config.o(.text.SYSCFG_DL_init) refers to ti_msp_dl_config.o(.text.SYSCFG_DL_TIMER_0_init) for SYSCFG_DL_TIMER_0_init
    ti_msp_dl_config.o(.text.SYSCFG_DL_init) refers to ti_msp_dl_config.o(.text.SYSCFG_DL_UART_0_init) for SYSCFG_DL_UART_0_init
    ti_msp_dl_config.o(.text.SYSCFG_DL_init) refers to ti_msp_dl_config.o(.text.SYSCFG_DL_UART_1_init) for SYSCFG_DL_UART_1_init
    ti_msp_dl_config.o(.text.SYSCFG_DL_init) refers to ti_msp_dl_config.o(.text.SYSCFG_DL_ADC12_VOLTAGE_init) for SYSCFG_DL_ADC12_VOLTAGE_init
    ti_msp_dl_config.o(.text.SYSCFG_DL_init) refers to ti_msp_dl_config.o(.text.SYSCFG_DL_DMA_init) for SYSCFG_DL_DMA_init
    ti_msp_dl_config.o(.text.SYSCFG_DL_init) refers to ti_msp_dl_config.o(.text.SYSCFG_DL_SYSTICK_init) for SYSCFG_DL_SYSTICK_init
    ti_msp_dl_config.o(.text.SYSCFG_DL_init) refers to ti_msp_dl_config.o(.bss.gPWM_0Backup) for gPWM_0Backup
    ti_msp_dl_config.o(.ARM.exidx.text.SYSCFG_DL_init) refers to ti_msp_dl_config.o(.text.SYSCFG_DL_init) for [Anonymous Symbol]
    ti_msp_dl_config.o(.text.SYSCFG_DL_initPower) refers to ti_msp_dl_config.o(.text.DL_GPIO_reset) for DL_GPIO_reset
    ti_msp_dl_config.o(.text.SYSCFG_DL_initPower) refers to ti_msp_dl_config.o(.text.DL_Timer_reset) for DL_Timer_reset
    ti_msp_dl_config.o(.text.SYSCFG_DL_initPower) refers to ti_msp_dl_config.o(.text.DL_UART_reset) for DL_UART_reset
    ti_msp_dl_config.o(.text.SYSCFG_DL_initPower) refers to ti_msp_dl_config.o(.text.DL_ADC12_reset) for DL_ADC12_reset
    ti_msp_dl_config.o(.text.SYSCFG_DL_initPower) refers to ti_msp_dl_config.o(.text.DL_GPIO_enablePower) for DL_GPIO_enablePower
    ti_msp_dl_config.o(.text.SYSCFG_DL_initPower) refers to ti_msp_dl_config.o(.text.DL_Timer_enablePower) for DL_Timer_enablePower
    ti_msp_dl_config.o(.text.SYSCFG_DL_initPower) refers to ti_msp_dl_config.o(.text.DL_UART_enablePower) for DL_UART_enablePower
    ti_msp_dl_config.o(.text.SYSCFG_DL_initPower) refers to ti_msp_dl_config.o(.text.DL_ADC12_enablePower) for DL_ADC12_enablePower
    ti_msp_dl_config.o(.text.SYSCFG_DL_initPower) refers to dl_common.o(.text.DL_Common_delayCycles) for DL_Common_delayCycles
    ti_msp_dl_config.o(.ARM.exidx.text.SYSCFG_DL_initPower) refers to ti_msp_dl_config.o(.text.SYSCFG_DL_initPower) for [Anonymous Symbol]
    ti_msp_dl_config.o(.text.SYSCFG_DL_GPIO_init) refers to ti_msp_dl_config.o(.text.DL_GPIO_initPeripheralOutputFunction) for DL_GPIO_initPeripheralOutputFunction
    ti_msp_dl_config.o(.text.SYSCFG_DL_GPIO_init) refers to ti_msp_dl_config.o(.text.DL_GPIO_enableOutput) for DL_GPIO_enableOutput
    ti_msp_dl_config.o(.text.SYSCFG_DL_GPIO_init) refers to ti_msp_dl_config.o(.text.DL_GPIO_initPeripheralInputFunction) for DL_GPIO_initPeripheralInputFunction
    ti_msp_dl_config.o(.text.SYSCFG_DL_GPIO_init) refers to ti_msp_dl_config.o(.text.DL_GPIO_initDigitalOutput) for DL_GPIO_initDigitalOutput
    ti_msp_dl_config.o(.text.SYSCFG_DL_GPIO_init) refers to ti_msp_dl_config.o(.text.DL_GPIO_initDigitalInputFeatures) for DL_GPIO_initDigitalInputFeatures
    ti_msp_dl_config.o(.text.SYSCFG_DL_GPIO_init) refers to ti_msp_dl_config.o(.text.DL_GPIO_clearPins) for DL_GPIO_clearPins
    ti_msp_dl_config.o(.text.SYSCFG_DL_GPIO_init) refers to ti_msp_dl_config.o(.text.DL_GPIO_setUpperPinsPolarity) for DL_GPIO_setUpperPinsPolarity
    ti_msp_dl_config.o(.text.SYSCFG_DL_GPIO_init) refers to ti_msp_dl_config.o(.text.DL_GPIO_clearInterruptStatus) for DL_GPIO_clearInterruptStatus
[...]
    __arm_cp.0_21                            0x000033e0   Number         4  control.o(.text.TIMG0_IRQHandler)
    __arm_cp.0_22                            0x000033e4   Number         4  control.o(.text.TIMG0_IRQHandler)
    __arm_cp.0_23                            0x000033e8   Number         4  control.o(.text.TIMG0_IRQHandler)
    __arm_cp.0_24                            0x000033ec   Number         4  control.o(.text.TIMG0_IRQHandler)
    __arm_cp.0_25                            0x000033f0   Number         4  control.o(.text.TIMG0_IRQHandler)
    __arm_cp.0_26                            0x000033f4   Number         4  control.o(.text.TIMG0_IRQHandler)
    __arm_cp.0_27                            0x000033f8   Number         4  control.o(.text.TIMG0_IRQHandler)
    __arm_cp.0_28                            0x000033fc   Number         4  control.o(.text.TIMG0_IRQHandler)
    __arm_cp.0_29                            0x00003400   Number         4  control.o(.text.TIMG0_IRQHandler)
    [Anonymous Symbol]                       0x00003404   Section        0  uart_callback.o(.text.UART1_IRQHandler)
    __arm_cp.9_0                             0x00003440   Number         4  uart_callback.o(.text.UART1_IRQHandler)
    __arm_cp.9_1                             0x00003444   Number         4  uart_callback.o(.text.UART1_IRQHandler)
    __arm_cp.9_2                             0x00003448   Number         4  uart_callback.o(.text.UART1_IRQHandler)
    __NVIC_ClearPendingIRQ                   0x0000344d   Thumb Code    40  empty.o(.text.__NVIC_ClearPendingIRQ)
    [Anonymous Symbol]                       0x0000344c   Section        0  empty.o(.text.__NVIC_ClearPendingIRQ)
    __arm_cp.1_0                             0x00003474   Number         4  empty.o(.text.__NVIC_ClearPendingIRQ)
    __NVIC_EnableIRQ                         0x00003479   Thumb Code    40  empty.o(.text.__NVIC_EnableIRQ)
    [Anonymous Symbol]                       0x00003478   Section        0  empty.o(.text.__NVIC_EnableIRQ)
    __arm_cp.2_0                             0x000034a0   Number         4  empty.o(.text.__NVIC_EnableIRQ)
    __NVIC_SetPriority                       0x000034a5   Thumb Code   124  ti_msp_dl_config.o(.text.__NVIC_SetPriority)
    [Anonymous Symbol]                       0x000034a4   Section        0  ti_msp_dl_config.o(.text.__NVIC_SetPriority)
    __arm_cp.36_0                            0x00003520   Number         4  ti_msp_dl_config.o(.text.__NVIC_SetPriority)
    __arm_cp.36_1                            0x00003524   Number         4  ti_msp_dl_config.o(.text.__NVIC_SetPriority)
    [Anonymous Symbol]                       0x00003528   Section        0  uart_callback.o(.text.bt_control)
    __arm_cp.8_0                             0x0000380c   Number         4  uart_callback.o(.text.bt_control)
    __arm_cp.8_1                             0x00003810   Number         4  uart_callback.o(.text.bt_control)
    __arm_cp.8_2                             0x00003814   Number         4  uart_callback.o(.text.bt_control)
    __arm_cp.8_3                             0x00003818   Number         4  uart_callback.o(.text.bt_control)
    __arm_cp.8_4                             0x0000381c   Number         4  uart_callback.o(.text.bt_control)
    __arm_cp.8_5                             0x00003820   Number         4  uart_callback.o(.text.bt_control)
    __arm_cp.8_6                             0x00003824   Number         4  uart_callback.o(.text.bt_control)
    __arm_cp.8_7                             0x00003828   Number         4  uart_callback.o(.text.bt_control)
    __arm_cp.8_8                             0x0000382c   Number         4  uart_callback.o(.text.bt_control)
    __arm_cp.8_9                             0x00003830   Number         4  uart_callback.o(.text.bt_control)
    __arm_cp.8_10                            0x00003834   Number         4  uart_callback.o(.text.bt_control)
    __arm_cp.8_11                            0x00003838   Number         4  uart_callback.o(.text.bt_control)
    __arm_cp.8_12                            0x0000383c   Number         4  uart_callback.o(.text.bt_control)
    __arm_cp.8_13                            0x00003840   Number         4  uart_callback.o(.text.bt_control)
    __arm_cp.8_14                            0x00003844   Number         4  uart_callback.o(.text.bt_control)
    __arm_cp.8_15                            0x00003848   Number         4  uart_callback.o(.text.bt_control)
    __arm_cp.8_16                            0x0000384c   Number         4  uart_callback.o(.text.bt_control)
    __arm_cp.8_17                            0x00003850   Number         4  uart_callback.o(.text.bt_control)
    __arm_cp.8_18                            0x00003854   Number         4  uart_callback.o(.text.bt_control)
    __arm_cp.8_19                            0x00003858   Number         4  uart_callback.o(.text.bt_control)
    __arm_cp.8_20                            0x0000385c   Number         4  uart_callback.o(.text.bt_control)
    [Anonymous Symbol]                       0x00003860   Section        0  adc.o(.text.convertAnalogToDigital)
    [Anonymous Symbol]                       0x000038cc   Section        0  board.o(.text.delay_ms)
    __arm_cp.5_0                             0x000038f8   Number         4  board.o(.text.delay_ms)
    [Anonymous Symbol]                       0x000038fc   Section        0  board.o(.text.delay_us)
    __arm_cp.6_0                             0x00003980   Number         4  board.o(.text.delay_us)
    __arm_cp.6_1                             0x00003984   Number         4  board.o(.text.delay_us)
    __arm_cp.6_2                             0x00003988   Number         4  board.o(.text.delay_us)
    [Anonymous Symbol]                       0x0000398c   Section        0  adc.o(.text.gray_count_value)
    __arm_cp.6_0                             0x00003a1c   Number         4  adc.o(.text.gray_count_value)
    [Anonymous Symbol]                       0x00003a20   Section        0  adc.o(.text.gray_is_turn)
    __arm_cp.5_0                             0x00003aec   Number         4  adc.o(.text.gray_is_turn)
    __arm_cp.5_1                             0x00003af0   Number         4  adc.o(.text.gray_is_turn)
    __arm_cp.5_2                             0x00003af4   Number         4  adc.o(.text.gray_is_turn)
    [Anonymous Symbol]                       0x00003af8   Section        0  key.o(.text.keyValue)
    __arm_cp.0_0                             0x00003b14   Number         4  key.o(.text.keyValue)
    [Anonymous Symbol]                       0x00003b18   Section        0  key.o(.text.keyValue_2)
    __arm_cp.2_0                             0x00003b34   Number         4  key.o(.text.keyValue_2)
    [Anonymous Symbol]                       0x00003b38   Section        0  key.o(.text.key_scan)
    __arm_cp.3_1                             0x00003c9c   Number         4  key.o(.text.key_scan)
    __arm_cp.3_2                             0x00003ca0   Number         4  key.o(.text.key_scan)
    __arm_cp.3_3                             0x00003ca4   Number         4  key.o(.text.key_scan)
    __arm_cp.3_4                             0x00003ca8   Number         4  key.o(.text.key_scan)
    [Anonymous Symbol]                       0x00003cac   Section        0  key.o(.text.key_scan_2)
    __arm_cp.4_0                             0x00003e10   Number         4  key.o(.text.key_scan_2)
    __arm_cp.4_1                             0x00003e14   Number         4  key.o(.text.key_scan_2)
    __arm_cp.4_2                             0x00003e18   Number         4  key.o(.text.key_scan_2)
    __arm_cp.4_3                             0x00003e1c   Number         4  key.o(.text.key_scan_2)
    __arm_cp.4_4                             0x00003e20   Number         4  key.o(.text.key_scan_2)
    __arm_cp.4_5                             0x00003e24   Number         4  key.o(.text.key_scan_2)
    __arm_cp.4_6                             0x00003e28   Number         4  key.o(.text.key_scan_2)
    __arm_cp.4_7                             0x00003e2c   Number         4  key.o(.text.key_scan_2)
    [Anonymous Symbol]                       0x00003e30   Section        0  empty.o(.text.main)
    __arm_cp.0_0                             0x00004004   Number         4  empty.o(.text.main)
    __arm_cp.0_1                             0x00004008   Number         4  empty.o(.text.main)
    __arm_cp.0_2                             0x0000400c   Number         4  empty.o(.text.main)
    __arm_cp.0_3                             0x00004010   Number         4  empty.o(.text.main)
    __arm_cp.0_4                             0x00004014   Number         4  empty.o(.text.main)
    __arm_cp.0_5                             0x00004018   Number         4  empty.o(.text.main)
    __arm_cp.0_6                             0x0000401c   Number         4  empty.o(.text.main)
    __arm_cp.0_7                             0x00004020   Number         4  empty.o(.text.main)
    __arm_cp.0_8                             0x00004024   Number         4  empty.o(.text.main)
    __arm_cp.0_9                             0x00004028   Number         4  empty.o(.text.main)
    __arm_cp.0_10                            0x0000402c   Number         4  empty.o(.text.main)
    [Anonymous Symbol]                       0x00004030   Section        0  control.o(.text.myabs)
    [Anonymous Symbol]                       0x00004050   Section        0  adc.o(.text.normalizeAnalogValues)
    [Anonymous Symbol]                       0x000040fa   Section        0  oled.o(.text.oled_pow)
    [Anonymous Symbol]                       0x0000412c   Section        0  show.o(.text.oled_show)
    __arm_cp.0_37                            0x00004328   Number         4  show.o(.text.oled_show)
    __arm_cp.0_38                            0x0000432c   Number         4  show.o(.text.oled_show)
    __arm_cp.0_40                            0x00004334   Number         4  show.o(.text.oled_show)
    __arm_cp.0_41                            0x00004338   Number         4  show.o(.text.oled_show)
    __arm_cp.0_42                            0x0000433c   Number         4  show.o(.text.oled_show)
    __arm_cp.0_2                             0x000045d0   Number         4  show.o(.text.oled_show)
    __arm_cp.0_3                             0x000045d4   Number         4  show.o(.text.oled_show)
    __arm_cp.0_4                             0x000045d8   Number         4  show.o(.text.oled_show)
    __arm_cp.0_8                             0x000045dc   Number         4  show.o(.text.oled_show)
    __arm_cp.0_9                             0x000045e0   Number         4  show.o(.text.oled_show)
    __arm_cp.0_10                            0x000045e4   Number         4  show.o(.text.oled_show)
    __arm_cp.0_11                            0x000045e8   Number         4  show.o(.text.oled_show)
    __arm_cp.0_12                            0x000045ec   Number         4  show.o(.text.oled_show)
    __arm_cp.0_13                            0x000045f0   Number         4  show.o(.text.oled_show)
    __arm_cp.0_14                            0x000045f4   Number         4  show.o(.text.oled_show)
    __arm_cp.0_15                            0x000045f8   Number         4  show.o(.text.oled_show)
    __arm_cp.0_16                            0x000045fc   Number         4  show.o(.text.oled_show)
    __arm_cp.0_17                            0x00004600   Number         4  show.o(.text.oled_show)
    __arm_cp.0_18                            0x00004604   Number         4  show.o(.text.oled_show)
    __arm_cp.0_19                            0x00004608   Number         4  show.o(.text.oled_show)
    __arm_cp.0_20                            0x0000460c   Number         4  show.o(.text.oled_show)
    __arm_cp.0_21                            0x00004610   Number         4  show.o(.text.oled_show)
    __arm_cp.0_22                            0x00004614   Number         4  show.o(.text.oled_show)
    __arm_cp.0_23                            0x00004618   Number         4  show.o(.text.oled_show)
    __arm_cp.0_24                            0x0000461c   Number         4  show.o(.text.oled_show)
    __arm_cp.0_25                            0x00004620   Number         4  show.o(.text.oled_show)
    __arm_cp.0_26                            0x00004624   Number         4  show.o(.text.oled_show)
    __arm_cp.0_27                            0x00004628   Number         4  show.o(.text.oled_show)
    __arm_cp.0_28                            0x0000462c   Number         4  show.o(.text.oled_show)
    __arm_cp.0_29                            0x00004630   Number         4  show.o(.text.oled_show)
    __arm_cp.0_30                            0x00004634   Number         4  show.o(.text.oled_show)
    __arm_cp.0_31                            0x00004638   Number         4  show.o(.text.oled_show)
    __arm_cp.0_32                            0x0000463c   Number         4  show.o(.text.oled_show)
    __arm_cp.0_33                            0x00004640   Number         4  show.o(.text.oled_show)
    __arm_cp.0_34                            0x00004644   Number         4  show.o(.text.oled_show)
    i.__ARM_clz                              0x00004648   Section        0  depilogue.o(i.__ARM_clz)
    i.__ARM_fpclassify                       0x00004678   Section        0  fpclassify.o(i.__ARM_fpclassify)
    i.__kernel_poly                          0x000046a4   Section        0  poly.o(i.__kernel_poly)
    i.__mathlib_dbl_divzero                  0x00004750   Section        0  dunder.o(i.__mathlib_dbl_divzero)
    i.__mathlib_dbl_infnan2                  0x00004764   Section        0  dunder.o(i.__mathlib_dbl_infnan2)
    i.__mathlib_dbl_invalid                  0x0000476c   Section        0  dunder.o(i.__mathlib_dbl_invalid)
    i.__mathlib_dbl_overflow                 0x0000477c   Section        0  dunder.o(i.__mathlib_dbl_overflow)
    i.__mathlib_dbl_underflow                0x00004790   Section        0  dunder.o(i.__mathlib_dbl_underflow)
    i.__scatterload_copy                     0x000047a8   Section       14  handlers.o(i.__scatterload_copy)
    i.__scatterload_null                     0x000047b8   Section        2  handlers.o(i.__scatterload_null)
    i.__scatterload_zeroinit                 0x000047c0   Section       14  handlers.o(i.__scatterload_zeroinit)
    i.__set_errno                            0x000047d0   Section        0  errno.o(i.__set_errno)
    i.pow                                    0x000047dc   Section        0  pow.o(i.pow)
    i.sqrt                                   0x000051b0   Section        0  sqrt.o(i.sqrt)
    bp                                       0x000051f8   Data          16  pow.o(.constdata)
    .constdata                               0x000051f8   Section      136  pow.o(.constdata)
    dp_h                                     0x00005208   Data          16  pow.o(.constdata)
    dp_l                                     0x00005218   Data          16  pow.o(.constdata)
    L                                        0x00005228   Data          48  pow.o(.constdata)
    P                                        0x00005258   Data          40  pow.o(.constdata)
    .constdata                               0x00005280   Section        8  qnan.o(.constdata)
    [Anonymous Symbol]                       0x00005288   Section        0  adc.o(.rodata.cst32)
    gADC12_VOLTAGEClockConfig                0x000052a8   Data           8  ti_msp_dl_config.o(.rodata.gADC12_VOLTAGEClockConfig)
    [Anonymous Symbol]                       0x000052a8   Section        0  ti_msp_dl_config.o(.rodata.gADC12_VOLTAGEClockConfig)
    gDMA_CH0Config                           0x000052b0   Data          24  ti_msp_dl_config.o(.rodata.gDMA_CH0Config)
    [Anonymous Symbol]                       0x000052b0   Section        0  ti_msp_dl_config.o(.rodata.gDMA_CH0Config)
    gPWM_0ClockConfig                        0x000052c8   Data           3  ti_msp_dl_config.o(.rodata.gPWM_0ClockConfig)
    [Anonymous Symbol]                       0x000052c8   Section        0  ti_msp_dl_config.o(.rodata.gPWM_0ClockConfig)
    gPWM_0Config                             0x000052cc   Data           8  ti_msp_dl_config.o(.rodata.gPWM_0Config)
    [Anonymous Symbol]                       0x000052cc   Section        0  ti_msp_dl_config.o(.rodata.gPWM_0Config)
    gSYSPLLConfig                            0x000052d4   Data          40  ti_msp_dl_config.o(.rodata.gSYSPLLConfig)
    [Anonymous Symbol]                       0x000052d4   Section        0  ti_msp_dl_config.o(.rodata.gSYSPLLConfig)
    gTIMER_0ClockConfig                      0x000052fc   Data           3  ti_msp_dl_config.o(.rodata.gTIMER_0ClockConfig)
    [Anonymous Symbol]                       0x000052fc   Section        0  ti_msp_dl_config.o(.rodata.gTIMER_0ClockConfig)
    gTIMER_0TimerConfig                      0x00005300   Data          20  ti_msp_dl_config.o(.rodata.gTIMER_0TimerConfig)
    [Anonymous Symbol]                       0x00005300   Section        0  ti_msp_dl_config.o(.rodata.gTIMER_0TimerConfig)
    gUART_0ClockConfig                       0x00005314   Data           2  ti_msp_dl_config.o(.rodata.gUART_0ClockConfig)
    [Anonymous Symbol]                       0x00005314   Section        0  ti_msp_dl_config.o(.rodata.gUART_0ClockConfig)
    gUART_0Config                            0x00005316   Data          10  ti_msp_dl_config.o(.rodata.gUART_0Config)
    [Anonymous Symbol]                       0x00005316   Section        0  ti_msp_dl_config.o(.rodata.gUART_0Config)
    gUART_1ClockConfig                       0x00005320   Data           2  ti_msp_dl_config.o(.rodata.gUART_1ClockConfig)
    [Anonymous Symbol]                       0x00005320   Section        0  ti_msp_dl_config.o(.rodata.gUART_1ClockConfig)
    gUART_1Config                            0x00005322   Data          10  ti_msp_dl_config.o(.rodata.gUART_1Config)
    [Anonymous Symbol]                       0x00005322   Section        0  ti_msp_dl_config.o(.rodata.gUART_1Config)
    [Anonymous Symbol]                       0x00005d90   Section        0  show.o(.rodata.str1.1)
    _errno                                   0x20200000   Data           4  errno.o(.data)
    .data                                    0x20200000   Section        4  errno.o(.data)
    BTBufferHandler.handleSize               0x20200060   Data           1  uart_callback.o(.bss.BTBufferHandler.handleSize)
    [Anonymous Symbol]                       0x20200060   Section        0  uart_callback.o(.bss.BTBufferHandler.handleSize)
    BTBufferHandler.handleflag               0x20200061   Data           1  uart_callback.o(.bss.BTBufferHandler.handleflag)
    [Anonymous Symbol]                       0x20200061   Section        0  uart_callback.o(.bss.BTBufferHandler.handleflag)
    BTBufferHandler.lastSize                 0x20200062   Data           1  uart_callback.o(.bss.BTBufferHandler.lastSize)
    [Anonymous Symbol]                       0x20200062   Section        0  uart_callback.o(.bss.BTBufferHandler.lastSize)
    Incremental_PI_Left.Bias                 0x20200078   Data           4  control.o(.bss.Incremental_PI_Left.Bias)
    [Anonymous Symbol]                       0x20200078   Section        0  control.o(.bss.Incremental_PI_Left.Bias)
    Incremental_PI_Left.Last_bias            0x2020007c   Data           4  control.o(.bss.Incremental_PI_Left.Last_bias)
    [Anonymous Symbol]                       0x2020007c   Section        0  control.o(.bss.Incremental_PI_Left.Last_bias)
    Incremental_PI_Left.Pwm                  0x20200080   Data           4  control.o(.bss.Incremental_PI_Left.Pwm)
    [Anonymous Symbol]                       0x20200080   Section        0  control.o(.bss.Incremental_PI_Left.Pwm)
    Incremental_PI_Right.Bias                0x20200084   Data           4  control.o(.bss.Incremental_PI_Right.Bias)
    [Anonymous Symbol]                       0x20200084   Section        0  control.o(.bss.Incremental_PI_Right.Bias)
    Incremental_PI_Right.Last_bias           0x20200088   Data           4  control.o(.bss.Incremental_PI_Right.Last_bias)
    [Anonymous Symbol]                       0x20200088   Section        0  control.o(.bss.Incremental_PI_Right.Last_bias)
    Incremental_PI_Right.Pwm                 0x2020008c   Data           4  control.o(.bss.Incremental_PI_Right.Pwm)
    [Anonymous Symbol]                       0x2020008c   Section        0  control.o(.bss.Incremental_PI_Right.Pwm)
    LED_Flash.temp                           0x20200090   Data           2  led.o(.bss.LED_Flash.temp)
    [Anonymous Symbol]                       0x20200090   Section        0  led.o(.bss.LED_Flash.temp)
    TIMG0_IRQHandler.last_flag               0x202004e4   Data           1  control.o(.bss.TIMG0_IRQHandler.last_flag)
    [Anonymous Symbol]                       0x202004e4   Section        0  control.o(.bss.TIMG0_IRQHandler.last_flag)
    TIMG0_IRQHandler.time_count              0x202004e6   Data           2  control.o(.bss.TIMG0_IRQHandler.time_count)
    [Anonymous Symbol]                       0x202004e6   Section        0  control.o(.bss.TIMG0_IRQHandler.time_count)
    bt_control.Data                          0x202004f0   Data           4  uart_callback.o(.bss.bt_control.Data)
    [Anonymous Symbol]                       0x202004f0   Section        0  uart_callback.o(.bss.bt_control.Data)
    bt_control.Flag_PID                      0x202004f4   Data           1  uart_callback.o(.bss.bt_control.Flag_PID)
    [Anonymous Symbol]                       0x202004f4   Section        0  uart_callback.o(.bss.bt_control.Flag_PID)
    bt_control.Receive                       0x202004f5   Data          50  uart_callback.o(.bss.bt_control.Receive)
    [Anonymous Symbol]                       0x202004f5   Section        0  uart_callback.o(.bss.bt_control.Receive)
    bt_control.Usart_Receive                 0x20200528   Data           4  uart_callback.o(.bss.bt_control.Usart_Receive)
    [Anonymous Symbol]                       0x20200528   Section        0  uart_callback.o(.bss.bt_control.Usart_Receive)
    bt_control.i                             0x2020052c   Data           1  uart_callback.o(.bss.bt_control.i)
    [Anonymous Symbol]                       0x2020052c   Section        0  uart_callback.o(.bss.bt_control.i)
    bt_control.j                             0x2020052d   Data           1  uart_callback.o(.bss.bt_control.j)
    [Anonymous Symbol]                       0x2020052d   Section        0  uart_callback.o(.bss.bt_control.j)
    key_scan.check_once                      0x202006be   Data           1  key.o(.bss.key_scan.check_once)
    [Anonymous Symbol]                       0x202006be   Section        0  key.o(.bss.key_scan.check_once)
    key_scan.long_press_time                 0x202006c0   Data           2  key.o(.bss.key_scan.long_press_time)
    [Anonymous Symbol]                       0x202006c0   Section        0  key.o(.bss.key_scan.long_press_time)
    key_scan.press_flag                      0x202006c2   Data           1  key.o(.bss.key_scan.press_flag)
    [Anonymous Symbol]                       0x202006c2   Section        0  key.o(.bss.key_scan.press_flag)
    key_scan.time_core                       0x202006c4   Data           2  key.o(.bss.key_scan.time_core)
    [Anonymous Symbol]                       0x202006c4   Section        0  key.o(.bss.key_scan.time_core)
    key_scan_2.check_once                    0x202006c6   Data           1  key.o(.bss.key_scan_2.check_once)
    [Anonymous Symbol]                       0x202006c6   Section        0  key.o(.bss.key_scan_2.check_once)
    key_scan_2.long_press_time               0x202006c8   Data           2  key.o(.bss.key_scan_2.long_press_time)
    [Anonymous Symbol]                       0x202006c8   Section        0  key.o(.bss.key_scan_2.long_press_time)
    key_scan_2.press_flag                    0x202006ca   Data           1  key.o(.bss.key_scan_2.press_flag)
    [Anonymous Symbol]                       0x202006ca   Section        0  key.o(.bss.key_scan_2.press_flag)
    key_scan_2.time_core                     0x202006cc   Data           2  key.o(.bss.key_scan_2.time_core)
    [Anonymous Symbol]                       0x202006cc   Section        0  key.o(.bss.key_scan_2.time_core)
    STACK                                    0x20200898   Section     4096  startup_mspm0g350x_uvision.o(STACK)

    Global Symbols

    Symbol Name                              Value     Ov Type        Size  Object(Section)

    BuildAttributes$$THM_ISAv3M$S$PE$A:L22$X:L11$S22$IEEE1$IW$~IW$USESV6$~STKCKD$USESV7$~SHL$OTIME$ROPI$IEEEX$EBA8$MICROLIB$REQ8$PRES8$EABIv2 0x00000000   Number         0  anon$$obj.o ABSOLUTE
    __Vectors                                0x00000000   Data           4  startup_mspm0g350x_uvision.o(RESET)
    __cpp_initialize__aeabi_                  - Undefined Weak Reference
    __cxa_finalize                            - Undefined Weak Reference
    __decompress                              - Undefined Weak Reference
    _clock_init                               - Undefined Weak Reference
    _microlib_exit                            - Undefined Weak Reference
    __Vectors_End                            0x000000c0   Data           0  startup_mspm0g350x_uvision.o(RESET)
    __Vectors_Size                           0x000000c0   Number         0  startup_mspm0g350x_uvision.o ABSOLUTE
    __main                                   0x000000c1   Thumb Code     0  entry.o(.ARM.Collect$$$$00000000)
    _main_stk                                0x000000c1   Thumb Code     0  entry2.o(.ARM.Collect$$$$00000001)
    _main_scatterload                        0x000000c5   Thumb Code     0  entry5.o(.ARM.Collect$$$$00000004)
    __main_after_scatterload                 0x000000c9   Thumb Code     0  entry5.o(.ARM.Collect$$$$00000004)
    _main_clock                              0x000000c9   Thumb Code     0  entry7b.o(.ARM.Collect$$$$00000008)
    _main_cpp_init                           0x000000c9   Thumb Code     0  entry8b.o(.ARM.Collect$$$$0000000A)
    _main_init                               0x000000c9   Thumb Code     0  entry9a.o(.ARM.Collect$$$$0000000B)
    __rt_final_cpp                           0x000000d1   Thumb Code     0  entry10a.o(.ARM.Collect$$$$0000000D)
    __rt_final_exit                          0x000000d1   Thumb Code     0  entry11a.o(.ARM.Collect$$$$0000000F)
    Reset_Handler                            0x000000d5   Thumb Code     4  startup_mspm0g350x_uvision.o(.text)
    NMI_Handler                              0x000000d9   Thumb Code     2  startup_mspm0g350x_uvision.o(.text)
    HardFault_Handler                        0x000000db   Thumb Code     2  startup_mspm0g350x_uvision.o(.text)
    SVC_Handler                              0x000000dd   Thumb Code     2  startup_mspm0g350x_uvision.o(.text)
    PendSV_Handler                           0x000000df   Thumb Code     2  startup_mspm0g350x_uvision.o(.text)
    SysTick_Handler                          0x000000e1   Thumb Code     2  startup_mspm0g350x_uvision.o(.text)
    ADC1_IRQHandler                          0x000000e3   Thumb Code     0  startup_mspm0g350x_uvision.o(.text)
    AES_IRQHandler                           0x000000e3   Thumb Code     0  startup_mspm0g350x_uvision.o(.text)
    CANFD0_IRQHandler                        0x000000e3   Thumb Code     0  startup_mspm0g350x_uvision.o(.text)
    DAC0_IRQHandler                          0x000000e3   Thumb Code     0  startup_mspm0g350x_uvision.o(.text)
    DMA_IRQHandler                           0x000000e3   Thumb Code     0  startup_mspm0g350x_uvision.o(.text)
    Default_Handler                          0x000000e3   Thumb Code     2  startup_mspm0g350x_uvision.o(.text)
    GROUP0_IRQHandler                        0x000000e3   Thumb Code     0  startup_mspm0g350x_uvision.o(.text)
    I2C0_IRQHandler                          0x000000e3   Thumb Code     0  startup_mspm0g350x_uvision.o(.text)
    I2C1_IRQHandler                          0x000000e3   Thumb Code     0  startup_mspm0g350x_uvision.o(.text)
    RTC_IRQHandler                           0x000000e3   Thumb Code     0  startup_mspm0g350x_uvision.o(.text)
    SPI0_IRQHandler                          0x000000e3   Thumb Code     0  startup_mspm0g350x_uvision.o(.text)
    SPI1_IRQHandler                          0x000000e3   Thumb Code     0  startup_mspm0g350x_uvision.o(.text)
    TIMA0_IRQHandler                         0x000000e3   Thumb Code     0  startup_mspm0g350x_uvision.o(.text)
    TIMA1_IRQHandler                         0x000000e3   Thumb Code     0  startup_mspm0g350x_uvision.o(.text)
    TIMG12_IRQHandler                        0x000000e3   Thumb Code     0  startup_mspm0g350x_uvision.o(.text)
    TIMG6_IRQHandler                         0x000000e3   Thumb Code     0  startup_mspm0g350x_uvision.o(.text)
    TIMG7_IRQHandler                         0x000000e3   Thumb Code     0  startup_mspm0g350x_uvision.o(.text)
    TIMG8_IRQHandler                         0x000000e3   Thumb Code     0  startup_mspm0g350x_uvision.o(.text)
    UART0_IRQHandler                         0x000000e3   Thumb Code     0  startup_mspm0g350x_uvision.o(.text)
    UART2_IRQHandler                         0x000000e3   Thumb Code     0  startup_mspm0g350x_uvision.o(.text)
    UART3_IRQHandler                         0x000000e3   Thumb Code     0  startup_mspm0g350x_uvision.o(.text)
    __aeabi_memcpy                           0x000000e9   Thumb Code    36  memcpya.o(.text)
    __aeabi_memcpy4                          0x000000e9   Thumb Code     0  memcpya.o(.text)
    __aeabi_memcpy8                          0x000000e9   Thumb Code     0  memcpya.o(.text)
    __aeabi_memset                           0x0000010d   Thumb Code    14  memseta.o(.text)
    __aeabi_memset4                          0x0000010d   Thumb Code     0  memseta.o(.text)
    __aeabi_memset8                          0x0000010d   Thumb Code     0  memseta.o(.text)
    __aeabi_memclr                           0x0000011b   Thumb Code     4  memseta.o(.text)
    __aeabi_memclr4                          0x0000011b   Thumb Code     0  memseta.o(.text)
    __aeabi_memclr8                          0x0000011b   Thumb Code     0  memseta.o(.text)
    _memset$wrapper                          0x0000011f   Thumb Code    18  memseta.o(.text)
    __aeabi_fadd                             0x00000131   Thumb Code   162  fadd.o(.text)
    __aeabi_fsub                             0x000001d3   Thumb Code     8  fadd.o(.text)
    __aeabi_frsub                            0x000001db   Thumb Code     8  fadd.o(.text)
    __aeabi_fmul                             0x000001e3   Thumb Code   122  fmul.o(.text)
    __aeabi_fdiv                             0x0000025d   Thumb Code   124  fdiv.o(.text)
    __aeabi_dadd                             0x000002d9   Thumb Code   328  dadd.o(.text)
    __aeabi_dsub                             0x00000421   Thumb Code    12  dadd.o(.text)
    __aeabi_drsub                            0x0000042d   Thumb Code    12  dadd.o(.text)
    __aeabi_dmul                             0x0000043d   Thumb Code   202  dmul.o(.text)
    __aeabi_ddiv                             0x0000050d   Thumb Code   234  ddiv.o(.text)
    __aeabi_fcmple                           0x000005fd   Thumb Code    28  fcmple.o(.text)
    __aeabi_fcmplt                           0x00000619   Thumb Code    28  fcmplt.o(.text)
    __aeabi_fcmpge                           0x00000635   Thumb Code    28  fcmpge.o(.text)
    __aeabi_dcmple                           0x00000651   Thumb Code    44  dcmple.o(.text)
    __aeabi_i2f                              0x0000067d   Thumb Code    22  fflti.o(.text)
    __aeabi_ui2f                             0x00000693   Thumb Code    14  ffltui.o(.text)
    __aeabi_i2d                              0x000006a1   Thumb Code    34  dflti.o(.text)
    __aeabi_ui2d                             0x000006c9   Thumb Code    24  dfltui.o(.text)
    __aeabi_f2iz                             0x000006e5   Thumb Code    50  ffixi.o(.text)
    __aeabi_d2iz                             0x00000719   Thumb Code    62  dfixi.o(.text)
    __aeabi_f2d                              0x00000761   Thumb Code    40  f2d.o(.text)
    __aeabi_d2f                              0x00000789   Thumb Code    56  d2f.o(.text)
    __aeabi_uidiv                            0x000007c1   Thumb Code     0  uidiv_div0.o(.text)
    __aeabi_uidivmod                         0x000007c1   Thumb Code    62  uidiv_div0.o(.text)
    __aeabi_idiv                             0x00000801   Thumb Code     0  idiv_div0.o(.text)
    __aeabi_idivmod$div0                     0x00000801   Thumb Code    74  idiv_div0.o(.text)
    __aeabi_llsl                             0x00000851   Thumb Code    32  llshl.o(.text)
    _ll_shift_l                              0x00000851   Thumb Code     0  llshl.o(.text)
    __aeabi_llsr                             0x00000871   Thumb Code    34  llushr.o(.text)
    _ll_ushift_r                             0x00000871   Thumb Code     0  llushr.o(.text)
    __aeabi_lasr                             0x00000893   Thumb Code    38  llsshr.o(.text)
    _ll_sshift_r                             0x00000893   Thumb Code     0  llsshr.o(.text)
    __I$use$fp                               0x000008b9   Thumb Code     0  iusefp.o(.text)
    _float_round                             0x000008b9   Thumb Code    16  fepilogue.o(.text)
    _float_epilogue                          0x000008c9   Thumb Code   114  fepilogue.o(.text)
    _double_round                            0x0000093b   Thumb Code    26  depilogue.o(.text)
    _double_epilogue                         0x00000955   Thumb Code   164  depilogue.o(.text)
    __ARM_scalbn                             0x000009f9   Thumb Code    44  dscalb.o(.text)
    scalbn                                   0x000009f9   Thumb Code     0  dscalb.o(.text)
    __aeabi_cdrcmple                         0x00000a25   Thumb Code    38  cdrcmple.o(.text)
    __scatterload                            0x00000a51   Thumb Code    38  init.o(.text)
    __scatterload_rt2                        0x00000a51   Thumb Code     0  init.o(.text)
    _dsqrt                                   0x00000a81   Thumb Code   162  dsqrt.o(.text)
    ADC0_IRQHandler                          0x00000b25   Thumb Code    28  adc.o(.text.ADC0_IRQHandler)
    BTBufferHandler                          0x00000b45   Thumb Code   188  uart_callback.o(.text.BTBufferHandler)
    BT_DAMConfig                             0x00000c11   Thumb Code    60  uart_callback.o(.text.BT_DAMConfig)
    DL_ADC12_setClockConfig                  0x00000dad   Thumb Code    64  dl_adc12.o(.text.DL_ADC12_setClockConfig)
    DL_Common_delayCycles                    0x00000e29   Thumb Code    20  dl_common.o(.text.DL_Common_delayCycles)
    DL_DMA_initChannel                       0x00000fc5   Thumb Code    70  dl_dma.o(.text.DL_DMA_initChannel)
    DL_SYSCTL_configSYSPLL                   0x000012f1   Thumb Code   192  dl_sysctl_mspm0g1x0x_g3x0x.o(.text.DL_SYSCTL_configSYSPLL)
    DL_SYSCTL_switchMCLKfromSYSOSCtoHSCLK    0x00001439   Thumb Code    40  dl_sysctl_mspm0g1x0x_g3x0x.o(.text.DL_SYSCTL_switchMCLKfromSYSOSCtoHSCLK)
    DL_TimerA_initPWMMode                    0x00001495   Thumb Code   234  dl_timer.o(.text.DL_TimerA_initPWMMode)
    DL_Timer_initPWMMode                     0x000015dd   Thumb Code   260  dl_timer.o(.text.DL_Timer_initPWMMode)
    DL_Timer_initTimerMode                   0x000016e9   Thumb Code   252  dl_timer.o(.text.DL_Timer_initTimerMode)
    DL_Timer_setCaptCompUpdateMethod         0x00001809   Thumb Code    48  dl_timer.o(.text.DL_Timer_setCaptCompUpdateMethod)
    DL_Timer_setCaptureCompareAction         0x00001839   Thumb Code    44  dl_timer.o(.text.DL_Timer_setCaptureCompareAction)
    DL_Timer_setCaptureCompareCtl            0x0000186d   Thumb Code    52  dl_timer.o(.text.DL_Timer_setCaptureCompareCtl)
    DL_Timer_setCaptureCompareInput          0x000018a9   Thumb Code    52  dl_timer.o(.text.DL_Timer_setCaptureCompareInput)
    DL_Timer_setCaptureCompareOutCtl         0x000018dd   Thumb Code    60  dl_timer.o(.text.DL_Timer_setCaptureCompareOutCtl)
    DL_Timer_setCaptureCompareValue          0x0000191d   Thumb Code    40  dl_timer.o(.text.DL_Timer_setCaptureCompareValue)
    DL_Timer_setClockConfig                  0x00001949   Thumb Code    44  dl_timer.o(.text.DL_Timer_setClockConfig)
    DL_UART_init                             0x00001aa1   Thumb Code    68  dl_uart.o(.text.DL_UART_init)
    DL_UART_setClockConfig                   0x00001b61   Thumb Code    32  dl_uart.o(.text.DL_UART_setClockConfig)
    GROUP1_IRQHandler                        0x00001bf1   Thumb Code   264  encoder.o(.text.GROUP1_IRQHandler)
    Get_Analog_value                         0x00001d0d   Thumb Code   216  adc.o(.text.Get_Analog_value)
    Get_Anolog_Value                         0x00001de9   Thumb Code    60  adc.o(.text.Get_Anolog_Value)
    Get_Normalize_For_User                   0x00001e25   Thumb Code    56  adc.o(.text.Get_Normalize_For_User)
    Get_Target_Encoder                       0x00001e5d   Thumb Code   112  control.o(.text.Get_Target_Encoder)
    Get_Velocity_From_Encoder                0x00001ed5   Thumb Code   132  control.o(.text.Get_Velocity_From_Encoder)
    Get_adc_value                            0x00001f75   Thumb Code    52  adc.o(.text.Get_adc_value)
    Incremental_PI_Left                      0x00001fad   Thumb Code   192  control.o(.text.Incremental_PI_Left)
    Incremental_PI_Right                     0x00002079   Thumb Code   192  control.o(.text.Incremental_PI_Right)
    Key                                      0x0000215d   Thumb Code   396  control.o(.text.Key)
    LED_Flash                                0x0000231d   Thumb Code    64  led.o(.text.LED_Flash)
    LED_ON                                   0x00002361   Thumb Code    16  led.o(.text.LED_ON)
    LED_Toggle                               0x00002371   Thumb Code    16  led.o(.text.LED_Toggle)
    No_MCU_Ganv_Sensor_Init                  0x00002385   Thumb Code   388  adc.o(.text.No_MCU_Ganv_Sensor_Init)
    No_MCU_Ganv_Sensor_Init_Frist            0x0000250d   Thumb Code   114  adc.o(.text.No_MCU_Ganv_Sensor_Init_Frist)
    No_Mcu_Ganv_Sensor_Task_Without_tick     0x0000257f   Thumb Code    66  adc.o(.text.No_Mcu_Ganv_Sensor_Task_Without_tick)
    OLED_Clear                               0x000025c1   Thumb Code    92  oled.o(.text.OLED_Clear)
    OLED_DrawPoint                           0x0000261d   Thumb Code   140  oled.o(.text.OLED_DrawPoint)
    OLED_Init                                0x000026a9   Thumb Code   228  oled.o(.text.OLED_Init)
    OLED_RST_Clr                             0x0000278d   Thumb Code    16  oled.o(.text.OLED_RST_Clr)
    OLED_RST_Set                             0x0000279d   Thumb Code    16  oled.o(.text.OLED_RST_Set)
    OLED_RS_Clr                              0x000027ad   Thumb Code    16  oled.o(.text.OLED_RS_Clr)
    OLED_RS_Set                              0x000027bd   Thumb Code    16  oled.o(.text.OLED_RS_Set)
    OLED_Refresh_Gram                        0x000027d1   Thumb Code   120  oled.o(.text.OLED_Refresh_Gram)
    OLED_SCLK_Clr                            0x0000284d   Thumb Code    16  oled.o(.text.OLED_SCLK_Clr)
    OLED_SCLK_Set                            0x0000285d   Thumb Code    16  oled.o(.text.OLED_SCLK_Set)
    OLED_SDIN_Clr                            0x0000286d   Thumb Code    16  oled.o(.text.OLED_SDIN_Clr)
    OLED_SDIN_Set                            0x0000287d   Thumb Code    16  oled.o(.text.OLED_SDIN_Set)
    OLED_ShowChar                            0x00002891   Thumb Code   268  oled.o(.text.OLED_ShowChar)
    OLED_ShowNumber                          0x000029a5   Thumb Code   220  oled.o(.text.OLED_ShowNumber)
    OLED_ShowString                          0x00002a81   Thumb Code   122  oled.o(.text.OLED_ShowString)
    OLED_WR_Byte                             0x00002afb   Thumb Code   110  oled.o(.text.OLED_WR_Byte)
    SYSCFG_DL_ADC12_VOLTAGE_init             0x00002b69   Thumb Code   100  ti_msp_dl_config.o(.text.SYSCFG_DL_ADC12_VOLTAGE_init)
    SYSCFG_DL_DMA_CH0_init                   0x00002bd1   Thumb Code    16  ti_msp_dl_config.o(.text.SYSCFG_DL_DMA_CH0_init)
    SYSCFG_DL_DMA_init                       0x00002be9   Thumb Code     8  ti_msp_dl_config.o(.text.SYSCFG_DL_DMA_init)
    SYSCFG_DL_GPIO_init                      0x00002bf1   Thumb Code   336  ti_msp_dl_config.o(.text.SYSCFG_DL_GPIO_init)
    SYSCFG_DL_PWM_0_init                     0x00002d49   Thumb Code   128  ti_msp_dl_config.o(.text.SYSCFG_DL_PWM_0_init)
    SYSCFG_DL_SYSCTL_init                    0x00002dd1   Thumb Code    68  ti_msp_dl_config.o(.text.SYSCFG_DL_SYSCTL_init)
    SYSCFG_DL_SYSTICK_init                   0x00002e19   Thumb Code    16  ti_msp_dl_config.o(.text.SYSCFG_DL_SYSTICK_init)
    SYSCFG_DL_TIMER_0_init                   0x00002e29   Thumb Code    40  ti_msp_dl_config.o(.text.SYSCFG_DL_TIMER_0_init)
    SYSCFG_DL_UART_0_init                    0x00002e59   Thumb Code    80  ti_msp_dl_config.o(.text.SYSCFG_DL_UART_0_init)
    SYSCFG_DL_UART_1_init                    0x00002eb1   Thumb Code    84  ti_msp_dl_config.o(.text.SYSCFG_DL_UART_1_init)
    SYSCFG_DL_init                           0x00002f0d   Thumb Code    52  ti_msp_dl_config.o(.text.SYSCFG_DL_init)
    SYSCFG_DL_initPower                      0x00002f45   Thumb Code   116  ti_msp_dl_config.o(.text.SYSCFG_DL_initPower)
    Set_PWM                                  0x00002fcd   Thumb Code   260  motor.o(.text.Set_PWM)
    Systick_getTick                          0x000030d9   Thumb Code     8  board.o(.text.Systick_getTick)
    TIMG0_IRQHandler                         0x000030e5   Thumb Code   680  control.o(.text.TIMG0_IRQHandler)
    UART1_IRQHandler                         0x00003405   Thumb Code    60  uart_callback.o(.text.UART1_IRQHandler)
    bt_control                               0x00003529   Thumb Code   740  uart_callback.o(.text.bt_control)
    convertAnalogToDigital                   0x00003861   Thumb Code   108  adc.o(.text.convertAnalogToDigital)
    delay_ms                                 0x000038cd   Thumb Code    44  board.o(.text.delay_ms)
    delay_us                                 0x000038fd   Thumb Code   132  board.o(.text.delay_us)
    gray_count_value                         0x0000398d   Thumb Code   144  adc.o(.text.gray_count_value)
    gray_is_turn                             0x00003a21   Thumb Code   204  adc.o(.text.gray_is_turn)
    keyValue                                 0x00003af9   Thumb Code    28  key.o(.text.keyValue)
    keyValue_2                               0x00003b19   Thumb Code    28  key.o(.text.keyValue_2)
    key_scan                                 0x00003b39   Thumb Code   356  key.o(.text.key_scan)
    key_scan_2                               0x00003cad   Thumb Code   356  key.o(.text.key_scan_2)
    main                                     0x00003e31   Thumb Code   468  empty.o(.text.main)
    myabs                                    0x00004031   Thumb Code    32  control.o(.text.myabs)
    normalizeAnalogValues                    0x00004051   Thumb Code   170  adc.o(.text.normalizeAnalogValues)
    oled_pow                                 0x000040fb   Thumb Code    48  oled.o(.text.oled_pow)
    oled_show                                0x0000412d   Thumb Code  1188  show.o(.text.oled_show)
    __ARM_clz                                0x00004649   Thumb Code    46  depilogue.o(i.__ARM_clz)
    __ARM_fpclassify                         0x00004679   Thumb Code    40  fpclassify.o(i.__ARM_fpclassify)
    __kernel_poly                            0x000046a5   Thumb Code   172  poly.o(i.__kernel_poly)
    __mathlib_dbl_divzero                    0x00004751   Thumb Code    16  dunder.o(i.__mathlib_dbl_divzero)
    __mathlib_dbl_infnan2                    0x00004765   Thumb Code     8  dunder.o(i.__mathlib_dbl_infnan2)
    __mathlib_dbl_invalid                    0x0000476d   Thumb Code    16  dunder.o(i.__mathlib_dbl_invalid)
    __mathlib_dbl_overflow                   0x0000477d   Thumb Code    16  dunder.o(i.__mathlib_dbl_overflow)
    __mathlib_dbl_underflow                  0x00004791   Thumb Code    14  dunder.o(i.__mathlib_dbl_underflow)
    __scatterload_copy                       0x000047a9   Thumb Code    14  handlers.o(i.__scatterload_copy)
    __scatterload_null                       0x000047b9   Thumb Code     2  handlers.o(i.__scatterload_null)
    __scatterload_zeroinit                   0x000047c1   Thumb Code    14  handlers.o(i.__scatterload_zeroinit)
    __set_errno                              0x000047d1   Thumb Code     6  errno.o(i.__set_errno)
    pow                                      0x000047dd   Thumb Code  2506  pow.o(i.pow)
    sqrt                                     0x000051b1   Thumb Code    66  sqrt.o(i.sqrt)
    __mathlib_zero                           0x00005280   Data           8  qnan.o(.constdata)
    oled_asc2_1206                           0x0000532c   Data        1140  oled.o(.rodata.oled_asc2_1206)
    oled_asc2_1608                           0x000057a0   Data        1520  oled.o(.rodata.oled_asc2_1608)
    Region$$Table$$Base                      0x00005e04   Number         0  anon$$obj.o(Region$$Table)
    Region$$Table$$Limit                     0x00005e24   Number         0  anon$$obj.o(Region$$Table)
    RC_Velocity                              0x20200004   Data           4  empty.o(.data.RC_Velocity)
    Turn90Angle                              0x20200008   Data           4  ir_module.o(.data.Turn90Angle)
    Velocity_KI                              0x2020000c   Data           4  control.o(.data.Velocity_KI)
    Velocity_KP                              0x20200010   Data           4  control.o(.data.Velocity_KP)
    black                                    0x20200014   Data          16  empty.o(.data.black)
    fllow_speed                              0x20200024   Data           4  control.o(.data.fllow_speed)
    maxTurnAngle                             0x20200028   Data           4  ir_module.o(.data.maxTurnAngle)
    midTurnAngle                             0x2020002c   Data           4  ir_module.o(.data.midTurnAngle)
    minTurnAngle                             0x20200030   Data           4  ir_module.o(.data.minTurnAngle)
    round_number                             0x20200034   Data           1  control.o(.data.round_number)
    turn_cnt                                 0x20200038   Data           4  control.o(.data.turn_cnt)
    turn_p                                   0x2020003c   Data           4  control.o(.data.turn_p)
    white                                    0x20200040   Data          16  empty.o(.data.white)
    Anolog                                   0x20200050   Data          16  empty.o(.bss.Anolog)
    Flag_Direction                           0x20200064   Data           4  uart_callback.o(.bss.Flag_Direction)
    Flag_Left                                0x20200068   Data           4  uart_callback.o(.bss.Flag_Left)
    Flag_Right                               0x2020006c   Data           4  uart_callback.o(.bss.Flag_Right)
    Get_Encoder_countA                       0x20200070   Data           4  encoder.o(.bss.Get_Encoder_countA)
    Get_Encoder_countB                       0x20200074   Data           4  encoder.o(.bss.Get_Encoder_countB)
    MotorA                                   0x20200094   Data          16  control.o(.bss.MotorA)
    MotorB                                   0x202000a4   Data          16  control.o(.bss.MotorB)
    Move_X                                   0x202000b4   Data           4  empty.o(.bss.Move_X)
    Move_Z                                   0x202000b8   Data           4  empty.o(.bss.Move_Z)
    Normal                                   0x202000bc   Data          16  empty.o(.bss.Normal)
    OLED_GRAM                                0x202000cc   Data        1024  oled.o(.bss.OLED_GRAM)
    OriginalEncoder                          0x202004cc   Data           8  control.o(.bss.OriginalEncoder)
    PID_Send                                 0x202004d4   Data           1  empty.o(.bss.PID_Send)
    Pos_Left                                 0x202004d8   Data           4  control.o(.bss.Pos_Left)
    Pos_Right                                0x202004dc   Data           4  control.o(.bss.Pos_Right)
    Run_Mode                                 0x202004e0   Data           4  control.o(.bss.Run_Mode)
    Turn_Flag                                0x202004e8   Data           4  uart_callback.o(.bss.Turn_Flag)
    Voltage                                  0x202004ec   Data           4  empty.o(.bss.Voltage)
    gBTCounts                                0x2020052e   Data           1  uart_callback.o(.bss.gBTCounts)
    gBTPacket                                0x2020052f   Data         200  uart_callback.o(.bss.gBTPacket)
    gCheckADC                                0x202005f7   Data           1  adc.o(.bss.gCheckADC)
    gPWM_0Backup                             0x202005f8   Data         188  ti_msp_dl_config.o(.bss.gPWM_0Backup)
    gpio_interrup1                           0x202006b4   Data           4  encoder.o(.bss.gpio_interrup1)
    gpio_interrup2                           0x202006b8   Data           4  encoder.o(.bss.gpio_interrup2)
    is_jianche                               0x202006bc   Data           1  adc.o(.bss.is_jianche)
    jiaozhun                                 0x202006bd   Data           1  adc.o(.bss.jiaozhun)
    last_last_mid_value                      0x202006d0   Data           4  control.o(.bss.last_last_mid_value)
    last_mid_value                           0x202006d4   Data           4  control.o(.bss.last_mid_value)
    now_mid_value                            0x202006d8   Data           4  control.o(.bss.now_mid_value)
    page_number                              0x202006dc   Data           1  show.o(.bss.page_number)
    rx_buff                                  0x202006dd   Data         256  empty.o(.bss.rx_buff)
    sensor                                   0x202007e0   Data         176  adc.o(.bss.sensor)
    turn_number                              0x20200890   Data           1  control.o(.bss.turn_number)
    __initial_sp                             0x20201898   Data           0  startup_mspm0g350x_uvision.o(STACK)



==============================================================================

Memory Map of the image

  Image Entry point : 0x000000c1

  Load Region LR_IROM1 (Base: 0x00000000, Size: 0x00005e78, Max: 0x00020000, ABSOLUTE)

    Execution Region ER_IROM1 (Exec base: 0x00000000, Load base: 0x00000000, Size: 0x00005e24, Max: 0x00020000, ABSOLUTE)

    Exec Addr    Load Addr    Size         Type   Attr      Idx    E Section Name        Object

    0x00000000   0x00000000   0x000000c0   Data   RO            3    RESET               startup_mspm0g350x_uvision.o
    0x000000c0   0x000000c0   0x00000000   Code   RO         1702  * .ARM.Collect$$$$00000000  mc_p.l(entry.o)
    0x000000c0   0x000000c0   0x00000004   Code   RO         1781    .ARM.Collect$$$$00000001  mc_p.l(entry2.o)
    0x000000c4   0x000000c4   0x00000004   Code   RO         1784    .ARM.Collect$$$$00000004  mc_p.l(entry5.o)
    0x000000c8   0x000000c8   0x00000000   Code   RO         1786    .ARM.Collect$$$$00000008  mc_p.l(entry7b.o)
    0x000000c8   0x000000c8   0x00000000   Code   RO         1788    .ARM.Collect$$$$0000000A  mc_p.l(entry8b.o)
    0x000000c8   0x000000c8   0x00000008   Code   RO         1789    .ARM.Collect$$$$0000000B  mc_p.l(entry9a.o)
    0x000000d0   0x000000d0   0x00000000   Code   RO         1791    .ARM.Collect$$$$0000000D  mc_p.l(entry10a.o)
    0x000000d0   0x000000d0   0x00000000   Code   RO         1793    .ARM.Collect$$$$0000000F  mc_p.l(entry11a.o)
    0x000000d0   0x000000d0   0x00000004   Code   RO         1782    .ARM.Collect$$$$00002712  mc_p.l(entry2.o)
    0x000000d4   0x000000d4   0x00000014   Code   RO            4    .text               startup_mspm0g350x_uvision.o
    0x000000e8   0x000000e8   0x00000024   Code   RO         1714    .text               mc_p.l(memcpya.o)
    0x0000010c   0x0000010c   0x00000024   Code   RO         1716    .text               mc_p.l(memseta.o)
    0x00000130   0x00000130   0x000000b2   Code   RO         1722    .text               mf_p.l(fadd.o)
    0x000001e2   0x000001e2   0x0000007a   Code   RO         1724    .text               mf_p.l(fmul.o)
    0x0000025c   0x0000025c   0x0000007c   Code   RO         1726    .text               mf_p.l(fdiv.o)
    0x000002d8   0x000002d8   0x00000164   Code   RO         1728    .text               mf_p.l(dadd.o)
    0x0000043c   0x0000043c   0x000000d0   Code   RO         1730    .text               mf_p.l(dmul.o)
    0x0000050c   0x0000050c   0x000000f0   Code   RO         1732    .text               mf_p.l(ddiv.o)
    0x000005fc   0x000005fc   0x0000001c   Code   RO         1734    .text               mf_p.l(fcmple.o)
    0x00000618   0x00000618   0x0000001c   Code   RO         1736    .text               mf_p.l(fcmplt.o)
    0x00000634   0x00000634   0x0000001c   Code   RO         1738    .text               mf_p.l(fcmpge.o)
    0x00000650   0x00000650   0x0000002c   Code   RO         1740    .text               mf_p.l(dcmple.o)
    0x0000067c   0x0000067c   0x00000016   Code   RO         1742    .text               mf_p.l(fflti.o)
    0x00000692   0x00000692   0x0000000e   Code   RO         1744    .text               mf_p.l(ffltui.o)
    0x000006a0   0x000006a0   0x00000028   Code   RO         1746    .text               mf_p.l(dflti.o)
    0x000006c8   0x000006c8   0x0000001c   Code   RO         1748    .text               mf_p.l(dfltui.o)
    0x000006e4   0x000006e4   0x00000032   Code   RO         1750    .text               mf_p.l(ffixi.o)
    0x00000716   0x00000716   0x00000002   PAD
    0x00000718   0x00000718   0x00000048   Code   RO         1752    .text               mf_p.l(dfixi.o)
    0x00000760   0x00000760   0x00000028   Code   RO         1754    .text               mf_p.l(f2d.o)
    0x00000788   0x00000788   0x00000038   Code   RO         1756    .text               mf_p.l(d2f.o)
    0x000007c0   0x000007c0   0x0000003e   Code   RO         1799    .text               mc_p.l(uidiv_div0.o)
    0x000007fe   0x000007fe   0x00000002   PAD
    0x00000800   0x00000800   0x00000050   Code   RO         1801    .text               mc_p.l(idiv_div0.o)
    0x00000850   0x00000850   0x00000020   Code   RO         1805    .text               mc_p.l(llshl.o)
    0x00000870   0x00000870   0x00000022   Code   RO         1807    .text               mc_p.l(llushr.o)
    0x00000892   0x00000892   0x00000026   Code   RO         1809    .text               mc_p.l(llsshr.o)
    0x000008b8   0x000008b8   0x00000000   Code   RO         1818    .text               mc_p.l(iusefp.o)
    0x000008b8   0x000008b8   0x00000082   Code   RO         1819    .text               mf_p.l(fepilogue.o)
    0x0000093a   0x0000093a   0x000000be   Code   RO         1821    .text               mf_p.l(depilogue.o)
    0x000009f8   0x000009f8   0x0000002c   Code   RO         1825    .text               mf_p.l(dscalb.o)
    0x00000a24   0x00000a24   0x00000028   Code   RO         1827    .text               mf_p.l(cdrcmple.o)
    0x00000a4c   0x00000a4c   0x00000004   PAD
    0x00000a50   0x00000a50   0x00000030   Code   RO         1829    .text               mc_p.l(init.o)
    0x00000a80   0x00000a80   0x000000a2   Code   RO         1831    .text               mf_p.l(dsqrt.o)
    0x00000b22   0x00000b22   0x00000002   PAD
    0x00000b24   0x00000b24   0x00000020   Code   RO         1462    .text.ADC0_IRQHandler  adc.o
    0x00000b44   0x00000b44   0x000000cc   Code   RO         1629    .text.BTBufferHandler  uart_callback.o
    0x00000c10   0x00000c10   0x00000048   Code   RO         1617    .text.BT_DAMConfig  uart_callback.o
    0x00000c58   0x00000c58   0x0000001c   Code   RO          117    .text.DL_ADC12_clearInterruptStatus  ti_msp_dl_config.o
    0x00000c74   0x00000c74   0x0000004a   Code   RO          113    .text.DL_ADC12_configConversionMem  ti_msp_dl_config.o
    0x00000cbe   0x00000cbe   0x00000016   Code   RO          121    .text.DL_ADC12_enableConversions  ti_msp_dl_config.o
    0x00000cd4   0x00000cd4   0x0000001c   Code   RO          119    .text.DL_ADC12_enableInterrupt  ti_msp_dl_config.o
    0x00000cf0   0x00000cf0   0x00000018   Code   RO           51    .text.DL_ADC12_enablePower  ti_msp_dl_config.o
    0x00000d08   0x00000d08   0x00000030   Code   RO         1460    .text.DL_ADC12_getMemResult  adc.o
    0x00000d38   0x00000d38   0x00000012   Code   RO         1464    .text.DL_ADC12_getPendingInterrupt  adc.o
    0x00000d4a   0x00000d4a   0x00000002   PAD
    0x00000d4c   0x00000d4c   0x00000048   Code   RO          111    .text.DL_ADC12_initSingleSample  ti_msp_dl_config.o
    0x00000d94   0x00000d94   0x00000018   Code   RO           43    .text.DL_ADC12_reset  ti_msp_dl_config.o
    0x00000dac   0x00000dac   0x00000048   Code   RO         1295    .text.DL_ADC12_setClockConfig  dl_adc12.o
    0x00000df4   0x00000df4   0x00000018   Code   RO          115    .text.DL_ADC12_setSampleTime0  ti_msp_dl_config.o
    0x00000e0c   0x00000e0c   0x0000001c   Code   RO         1458    .text.DL_ADC12_startConversion  adc.o
    0x00000e28   0x00000e28   0x00000014   Code   RO         1247    .text.DL_Common_delayCycles  dl_common.o
    0x00000e3c   0x00000e3c   0x00000028   Code   RO          129    .text.DL_Common_updateReg  ti_msp_dl_config.o
    0x00000e64   0x00000e64   0x00000028   Code   RO          229    .text.DL_Common_updateReg  dl_uart.o
    0x00000e8c   0x00000e8c   0x00000028   Code   RO          319    .text.DL_Common_updateReg  dl_timer.o
    0x00000eb4   0x00000eb4   0x00000028   Code   RO         1175    .text.DL_Common_updateReg  dl_dma.o
    0x00000edc   0x00000edc   0x00000028   Code   RO         1297    .text.DL_Common_updateReg  dl_adc12.o
    0x00000f04   0x00000f04   0x00000054   Code   RO         1171    .text.DL_DMA_configTransfer  dl_dma.o
    0x00000f58   0x00000f58   0x00000026   Code   RO         1619    .text.DL_DMA_disableChannel  uart_callback.o
    0x00000f7e   0x00000f7e   0x00000026   Code   RO         1627    .text.DL_DMA_enableChannel  uart_callback.o
    0x00000fa4   0x00000fa4   0x00000020   Code   RO         1631    .text.DL_DMA_getTransferSize  uart_callback.o
    0x00000fc4   0x00000fc4   0x00000046   Code   RO         1169    .text.DL_DMA_initChannel  dl_dma.o
    0x0000100a   0x0000100a   0x00000002   PAD
    0x0000100c   0x0000100c   0x00000028   Code   RO         1623    .text.DL_DMA_setDestAddr  uart_callback.o
    0x00001034   0x00001034   0x00000028   Code   RO         1621    .text.DL_DMA_setSrcAddr  uart_callback.o
    0x0000105c   0x0000105c   0x00000030   Code   RO         1625    .text.DL_DMA_setTransferSize  uart_callback.o
    0x0000108c   0x0000108c   0x00000038   Code   RO         1173    .text.DL_DMA_setTrigger  dl_dma.o
    0x000010c4   0x000010c4   0x00000018   Code   RO           67    .text.DL_GPIO_clearInterruptStatus  ti_msp_dl_config.o
    0x000010dc   0x000010dc   0x0000001c   Code   RO         1443    .text.DL_GPIO_clearInterruptStatus  encoder.o
    0x000010f8   0x000010f8   0x00000014   Code   RO           63    .text.DL_GPIO_clearPins  ti_msp_dl_config.o
    0x0000110c   0x0000110c   0x00000014   Code   RO         1362    .text.DL_GPIO_clearPins  oled.o
    0x00001120   0x00001120   0x00000014   Code   RO         1404    .text.DL_GPIO_clearPins  led.o
    0x00001134   0x00001134   0x00000014   Code   RO         1428    .text.DL_GPIO_clearPins  motor.o
    0x00001148   0x00001148   0x00000014   Code   RO         1474    .text.DL_GPIO_clearPins  adc.o
    0x0000115c   0x0000115c   0x0000001c   Code   RO           69    .text.DL_GPIO_enableInterrupt  ti_msp_dl_config.o
    0x00001178   0x00001178   0x00000018   Code   RO           55    .text.DL_GPIO_enableOutput  ti_msp_dl_config.o
    0x00001190   0x00001190   0x00000018   Code   RO           45    .text.DL_GPIO_enablePower  ti_msp_dl_config.o
    0x000011a8   0x000011a8   0x00000018   Code   RO         1439    .text.DL_GPIO_getEnabledInterruptStatus  encoder.o
    0x000011c0   0x000011c0   0x00000030   Code   RO           61    .text.DL_GPIO_initDigitalInputFeatures  ti_msp_dl_config.o
    0x000011f0   0x000011f0   0x00000014   Code   RO           59    .text.DL_GPIO_initDigitalOutput  ti_msp_dl_config.o
    0x00001204   0x00001204   0x0000001c   Code   RO           57    .text.DL_GPIO_initPeripheralInputFunction  ti_msp_dl_config.o
    0x00001220   0x00001220   0x0000001c   Code   RO           53    .text.DL_GPIO_initPeripheralOutputFunction  ti_msp_dl_config.o
    0x0000123c   0x0000123c   0x00000016   Code   RO         1379    .text.DL_GPIO_readPins  key.o
    0x00001252   0x00001252   0x00000016   Code   RO         1441    .text.DL_GPIO_readPins  encoder.o
    0x00001268   0x00001268   0x00000018   Code   RO           37    .text.DL_GPIO_reset  ti_msp_dl_config.o
    0x00001280   0x00001280   0x00000014   Code   RO         1364    .text.DL_GPIO_setPins  oled.o
    0x00001294   0x00001294   0x00000014   Code   RO         1426    .text.DL_GPIO_setPins  motor.o
    0x000012a8   0x000012a8   0x00000018   Code   RO         1472    .text.DL_GPIO_setPins  adc.o
    0x000012c0   0x000012c0   0x00000018   Code   RO           65    .text.DL_GPIO_setUpperPinsPolarity  ti_msp_dl_config.o
    0x000012d8   0x000012d8   0x00000018   Code   RO         1412    .text.DL_GPIO_togglePins  led.o
    0x000012f0   0x000012f0   0x000000c0   Code   RO         1666    .text.DL_SYSCTL_configSYSPLL  driverlib.a(dl_sysctl_mspm0g1x0x_g3x0x.o)
    0x000013b0   0x000013b0   0x0000000c   Code   RO           77    .text.DL_SYSCTL_disableHFXT  ti_msp_dl_config.o
    0x000013bc   0x000013bc   0x00000014   Code   RO           79    .text.DL_SYSCTL_disableSYSPLL  ti_msp_dl_config.o
    0x000013d0   0x000013d0   0x00000018   Code   RO           71    .text.DL_SYSCTL_setBORThreshold  ti_msp_dl_config.o
    0x000013e8   0x000013e8   0x0000001c   Code   RO           73    .text.DL_SYSCTL_setFlashWaitState  ti_msp_dl_config.o
    0x00001404   0x00001404   0x0000001c   Code   RO           75    .text.DL_SYSCTL_setSYSOSCFreq  ti_msp_dl_config.o
    0x00001420   0x00001420   0x00000018   Code   RO           81    .text.DL_SYSCTL_setULPCLKDivider  ti_msp_dl_config.o
    0x00001438   0x00001438   0x00000028   Code   RO         1674    .text.DL_SYSCTL_switchMCLKfromSYSOSCtoHSCLK  driverlib.a(dl_sysctl_mspm0g1x0x_g3x0x.o)
    0x00001460   0x00001460   0x0000000c   Code   RO          127    .text.DL_SYSTICK_enable  ti_msp_dl_config.o
    0x0000146c   0x0000146c   0x00000028   Code   RO          125    .text.DL_SYSTICK_init  ti_msp_dl_config.o
    0x00001494   0x00001494   0x000000ea   Code   RO          371    .text.DL_TimerA_initPWMMode  dl_timer.o
    0x0000157e   0x0000157e   0x00000002   PAD
    0x00001580   0x00001580   0x00000014   Code   RO           87    .text.DL_Timer_enableClock  ti_msp_dl_config.o
    0x00001594   0x00001594   0x0000001c   Code   RO           91    .text.DL_Timer_enableInterrupt  ti_msp_dl_config.o
    0x000015b0   0x000015b0   0x00000018   Code   RO           47    .text.DL_Timer_enablePower  ti_msp_dl_config.o
    0x000015c8   0x000015c8   0x00000012   Code   RO         1528    .text.DL_Timer_getPendingInterrupt  control.o
    0x000015da   0x000015da   0x00000002   PAD
    0x000015dc   0x000015dc   0x0000010c   Code   RO          331    .text.DL_Timer_initPWMMode  dl_timer.o
    0x000016e8   0x000016e8   0x000000fc   Code   RO          301    .text.DL_Timer_initTimerMode  dl_timer.o
    0x000017e4   0x000017e4   0x00000010   Code   RO           39    .text.DL_Timer_reset  ti_msp_dl_config.o
    0x000017f4   0x000017f4   0x00000014   Code   RO           89    .text.DL_Timer_setCCPDirection  ti_msp_dl_config.o
    0x00001808   0x00001808   0x00000030   Code   RO          345    .text.DL_Timer_setCaptCompUpdateMethod  dl_timer.o
    0x00001838   0x00001838   0x00000034   Code   RO          333    .text.DL_Timer_setCaptureCompareAction  dl_timer.o
    0x0000186c   0x0000186c   0x0000003c   Code   RO          309    .text.DL_Timer_setCaptureCompareCtl  dl_timer.o
    0x000018a8   0x000018a8   0x00000034   Code   RO          315    .text.DL_Timer_setCaptureCompareInput  dl_timer.o
    0x000018dc   0x000018dc   0x00000040   Code   RO          335    .text.DL_Timer_setCaptureCompareOutCtl  dl_timer.o
    0x0000191c   0x0000191c   0x0000002c   Code   RO          307    .text.DL_Timer_setCaptureCompareValue  dl_timer.o
    0x00001948   0x00001948   0x0000002c   Code   RO          297    .text.DL_Timer_setClockConfig  dl_timer.o
    0x00001974   0x00001974   0x00000038   Code   RO           85    .text.DL_Timer_setCounterControl  ti_msp_dl_config.o
    0x000019ac   0x000019ac   0x00000020   Code   RO          305    .text.DL_Timer_setCounterValueAfterEnable  dl_timer.o
    0x000019cc   0x000019cc   0x00000018   Code   RO          303    .text.DL_Timer_setLoadValue  dl_timer.o
    0x000019e4   0x000019e4   0x00000016   Code   RO          227    .text.DL_UART_disable  dl_uart.o
    0x000019fa   0x000019fa   0x00000016   Code   RO          105    .text.DL_UART_enable  ti_msp_dl_config.o
    0x00001a10   0x00001a10   0x00000018   Code   RO          109    .text.DL_UART_enableDMAReceiveEvent  ti_msp_dl_config.o
    0x00001a28   0x00001a28   0x00000018   Code   RO           97    .text.DL_UART_enableFIFOs  ti_msp_dl_config.o
    0x00001a40   0x00001a40   0x0000001c   Code   RO          107    .text.DL_UART_enableInterrupt  ti_msp_dl_config.o
    0x00001a5c   0x00001a5c   0x00000016   Code   RO          103    .text.DL_UART_enableLoopbackMode  ti_msp_dl_config.o
    0x00001a72   0x00001a72   0x00000002   PAD
    0x00001a74   0x00001a74   0x00000018   Code   RO           49    .text.DL_UART_enablePower  ti_msp_dl_config.o
    0x00001a8c   0x00001a8c   0x00000012   Code   RO         1637    .text.DL_UART_getPendingInterrupt  uart_callback.o
    0x00001a9e   0x00001a9e   0x00000002   PAD
    0x00001aa0   0x00001aa0   0x00000048   Code   RO          225    .text.DL_UART_init  dl_uart.o
    0x00001ae8   0x00001ae8   0x00000014   Code   RO         1639    .text.DL_UART_receiveData  uart_callback.o
    0x00001afc   0x00001afc   0x00000018   Code   RO           41    .text.DL_UART_reset  ti_msp_dl_config.o
    0x00001b14   0x00001b14   0x0000004c   Code   RO           95    .text.DL_UART_setBaudRateDivisor  ti_msp_dl_config.o
    0x00001b60   0x00001b60   0x00000024   Code   RO          231    .text.DL_UART_setClockConfig  dl_uart.o
    0x00001b84   0x00001b84   0x0000001e   Code   RO           93    .text.DL_UART_setOversampling  ti_msp_dl_config.o
    0x00001ba2   0x00001ba2   0x00000002   PAD
    0x00001ba4   0x00001ba4   0x00000024   Code   RO           99    .text.DL_UART_setRXFIFOThreshold  ti_msp_dl_config.o
    0x00001bc8   0x00001bc8   0x00000028   Code   RO          101    .text.DL_UART_setTXFIFOThreshold  ti_msp_dl_config.o
    0x00001bf0   0x00001bf0   0x0000011c   Code   RO         1437    .text.GROUP1_IRQHandler  encoder.o
    0x00001d0c   0x00001d0c   0x000000dc   Code   RO         1470    .text.Get_Analog_value  adc.o
    0x00001de8   0x00001de8   0x0000003c   Code   RO         1494    .text.Get_Anolog_Value  adc.o
    0x00001e24   0x00001e24   0x00000038   Code   RO         1492    .text.Get_Normalize_For_User  adc.o
    0x00001e5c   0x00001e5c   0x00000078   Code   RO         1532    .text.Get_Target_Encoder  control.o
    0x00001ed4   0x00001ed4   0x000000a0   Code   RO         1534    .text.Get_Velocity_From_Encoder  control.o
    0x00001f74   0x00001f74   0x00000038   Code   RO         1456    .text.Get_adc_value  adc.o
    0x00001fac   0x00001fac   0x000000cc   Code   RO         1536    .text.Incremental_PI_Left  control.o
    0x00002078   0x00002078   0x000000e4   Code   RO         1538    .text.Incremental_PI_Right  control.o
    0x0000215c   0x0000215c   0x000001c0   Code   RO         1530    .text.Key           control.o
    0x0000231c   0x0000231c   0x00000044   Code   RO         1414    .text.LED_Flash     led.o
    0x00002360   0x00002360   0x00000010   Code   RO         1402    .text.LED_ON        led.o
    0x00002370   0x00002370   0x00000014   Code   RO         1410    .text.LED_Toggle    led.o
    0x00002384   0x00002384   0x00000188   Code   RO         1482    .text.No_MCU_Ganv_Sensor_Init  adc.o
    0x0000250c   0x0000250c   0x00000072   Code   RO         1480    .text.No_MCU_Ganv_Sensor_Init_Frist  adc.o
    0x0000257e   0x0000257e   0x00000042   Code   RO         1484    .text.No_Mcu_Ganv_Sensor_Task_Without_tick  adc.o
    0x000025c0   0x000025c0   0x0000005c   Code   RO         1340    .text.OLED_Clear    oled.o
    0x0000261c   0x0000261c   0x0000008c   Code   RO         1342    .text.OLED_DrawPoint  oled.o
    0x000026a8   0x000026a8   0x000000e4   Code   RO         1352    .text.OLED_Init     oled.o
    0x0000278c   0x0000278c   0x00000010   Code   RO         1354    .text.OLED_RST_Clr  oled.o
    0x0000279c   0x0000279c   0x00000010   Code   RO         1356    .text.OLED_RST_Set  oled.o
    0x000027ac   0x000027ac   0x00000010   Code   RO         1326    .text.OLED_RS_Clr   oled.o
    0x000027bc   0x000027bc   0x00000014   Code   RO         1324    .text.OLED_RS_Set   oled.o
    0x000027d0   0x000027d0   0x0000007c   Code   RO         1320    .text.OLED_Refresh_Gram  oled.o
    0x0000284c   0x0000284c   0x00000010   Code   RO         1328    .text.OLED_SCLK_Clr  oled.o
    0x0000285c   0x0000285c   0x00000010   Code   RO         1334    .text.OLED_SCLK_Set  oled.o
    0x0000286c   0x0000286c   0x00000010   Code   RO         1332    .text.OLED_SDIN_Clr  oled.o
    0x0000287c   0x0000287c   0x00000014   Code   RO         1330    .text.OLED_SDIN_Set  oled.o
    0x00002890   0x00002890   0x00000114   Code   RO         1344    .text.OLED_ShowChar  oled.o
    0x000029a4   0x000029a4   0x000000dc   Code   RO         1348    .text.OLED_ShowNumber  oled.o
    0x00002a80   0x00002a80   0x0000007a   Code   RO         1350    .text.OLED_ShowString  oled.o
    0x00002afa   0x00002afa   0x0000006e   Code   RO         1322    .text.OLED_WR_Byte  oled.o
    0x00002b68   0x00002b68   0x00000068   Code   RO           27    .text.SYSCFG_DL_ADC12_VOLTAGE_init  ti_msp_dl_config.o
    0x00002bd0   0x00002bd0   0x00000018   Code   RO          123    .text.SYSCFG_DL_DMA_CH0_init  ti_msp_dl_config.o
    0x00002be8   0x00002be8   0x00000008   Code   RO           29    .text.SYSCFG_DL_DMA_init  ti_msp_dl_config.o
    0x00002bf0   0x00002bf0   0x00000158   Code   RO           15    .text.SYSCFG_DL_GPIO_init  ti_msp_dl_config.o
    0x00002d48   0x00002d48   0x00000088   Code   RO           19    .text.SYSCFG_DL_PWM_0_init  ti_msp_dl_config.o
    0x00002dd0   0x00002dd0   0x00000048   Code   RO           17    .text.SYSCFG_DL_SYSCTL_init  ti_msp_dl_config.o
    0x00002e18   0x00002e18   0x00000010   Code   RO           31    .text.SYSCFG_DL_SYSTICK_init  ti_msp_dl_config.o
    0x00002e28   0x00002e28   0x00000030   Code   RO           21    .text.SYSCFG_DL_TIMER_0_init  ti_msp_dl_config.o
    0x00002e58   0x00002e58   0x00000058   Code   RO           23    .text.SYSCFG_DL_UART_0_init  ti_msp_dl_config.o
    0x00002eb0   0x00002eb0   0x0000005c   Code   RO           25    .text.SYSCFG_DL_UART_1_init  ti_msp_dl_config.o
    0x00002f0c   0x00002f0c   0x00000038   Code   RO           11    .text.SYSCFG_DL_init  ti_msp_dl_config.o
    0x00002f44   0x00002f44   0x00000088   Code   RO           13    .text.SYSCFG_DL_initPower  ti_msp_dl_config.o
    0x00002fcc   0x00002fcc   0x0000010c   Code   RO         1424    .text.Set_PWM       motor.o
    0x000030d8   0x000030d8   0x0000000c   Code   RO          192    .text.Systick_getTick  board.o
    0x000030e4   0x000030e4   0x00000320   Code   RO         1526    .text.TIMG0_IRQHandler  control.o
    0x00003404   0x00003404   0x00000048   Code   RO         1635    .text.UART1_IRQHandler  uart_callback.o
    0x0000344c   0x0000344c   0x0000002c   Code   RO          152    .text.__NVIC_ClearPendingIRQ  empty.o
    0x00003478   0x00003478   0x0000002c   Code   RO          154    .text.__NVIC_EnableIRQ  empty.o
    0x000034a4   0x000034a4   0x00000084   Code   RO           83    .text.__NVIC_SetPriority  ti_msp_dl_config.o
    0x00003528   0x00003528   0x00000338   Code   RO         1633    .text.bt_control    uart_callback.o
    0x00003860   0x00003860   0x0000006c   Code   RO         1476    .text.convertAnalogToDigital  adc.o
    0x000038cc   0x000038cc   0x00000030   Code   RO          194    .text.delay_ms      board.o
    0x000038fc   0x000038fc   0x00000090   Code   RO          196    .text.delay_us      board.o
    0x0000398c   0x0000398c   0x00000094   Code   RO         1468    .text.gray_count_value  adc.o
    0x00003a20   0x00003a20   0x000000d8   Code   RO         1466    .text.gray_is_turn  adc.o
    0x00003af8   0x00003af8   0x00000020   Code   RO         1377    .text.keyValue      key.o
    0x00003b18   0x00003b18   0x00000020   Code   RO         1381    .text.keyValue_2    key.o
    0x00003b38   0x00003b38   0x00000174   Code   RO         1383    .text.key_scan      key.o
    0x00003cac   0x00003cac   0x00000184   Code   RO         1385    .text.key_scan_2    key.o
    0x00003e30   0x00003e30   0x00000200   Code   RO          150    .text.main          empty.o
    0x00004030   0x00004030   0x00000020   Code   RO         1540    .text.myabs         control.o
    0x00004050   0x00004050   0x000000aa   Code   RO         1478    .text.normalizeAnalogValues  adc.o
    0x000040fa   0x000040fa   0x00000030   Code   RO         1346    .text.oled_pow      oled.o
    0x0000412a   0x0000412a   0x00000002   PAD
    0x0000412c   0x0000412c   0x0000051c   Code   RO         1587    .text.oled_show     show.o
    0x00004648   0x00004648   0x0000002e   Code   RO         1823    i.__ARM_clz         mf_p.l(depilogue.o)
    0x00004676   0x00004676   0x00000002   PAD
    0x00004678   0x00004678   0x0000002c   Code   RO         1772    i.__ARM_fpclassify  m_ps.l(fpclassify.o)
    0x000046a4   0x000046a4   0x000000ac   Code   RO         1774    i.__kernel_poly     m_ps.l(poly.o)
    0x00004750   0x00004750   0x00000014   Code   RO         1758    i.__mathlib_dbl_divzero  m_ps.l(dunder.o)
    0x00004764   0x00004764   0x00000008   Code   RO         1760    i.__mathlib_dbl_infnan2  m_ps.l(dunder.o)
    0x0000476c   0x0000476c   0x00000010   Code   RO         1761    i.__mathlib_dbl_invalid  m_ps.l(dunder.o)
    0x0000477c   0x0000477c   0x00000014   Code   RO         1762    i.__mathlib_dbl_overflow  m_ps.l(dunder.o)
    0x00004790   0x00004790   0x00000014   Code   RO         1764    i.__mathlib_dbl_underflow  m_ps.l(dunder.o)
    0x000047a4   0x000047a4   0x00000004   PAD
    0x000047a8   0x000047a8   0x0000000e   Code   RO         1835    i.__scatterload_copy  mc_p.l(handlers.o)
    0x000047b6   0x000047b6   0x00000002   PAD
    0x000047b8   0x000047b8   0x00000002   Code   RO         1836    i.__scatterload_null  mc_p.l(handlers.o)
    0x000047ba   0x000047ba   0x00000006   PAD
    0x000047c0   0x000047c0   0x0000000e   Code   RO         1837    i.__scatterload_zeroinit  mc_p.l(handlers.o)
    0x000047ce   0x000047ce   0x00000002   PAD
    0x000047d0   0x000047d0   0x0000000c   Code   RO         1813    i.__set_errno       mc_p.l(errno.o)
    0x000047dc   0x000047dc   0x000009d4   Code   RO         1698    i.pow               m_ps.l(pow.o)
    0x000051b0   0x000051b0   0x00000048   Code   RO         1778    i.sqrt              m_ps.l(sqrt.o)
    0x000051f8   0x000051f8   0x00000088   Data   RO         1699    .constdata          m_ps.l(pow.o)
    0x00005280   0x00005280   0x00000008   Data   RO         1776    .constdata          m_ps.l(qnan.o)
    0x00005288   0x00005288   0x00000020   Data   RO         1499    .rodata.cst32       adc.o
    0x000052a8   0x000052a8   0x00000008   Data   RO          141    .rodata.gADC12_VOLTAGEClockConfig  ti_msp_dl_config.o
    0x000052b0   0x000052b0   0x00000018   Data   RO          142    .rodata.gDMA_CH0Config  ti_msp_dl_config.o
    0x000052c8   0x000052c8   0x00000003   Data   RO          133    .rodata.gPWM_0ClockConfig  ti_msp_dl_config.o
    0x000052cb   0x000052cb   0x00000001   PAD
    0x000052cc   0x000052cc   0x00000008   Data   RO          134    .rodata.gPWM_0Config  ti_msp_dl_config.o
    0x000052d4   0x000052d4   0x00000028   Data   RO          132    .rodata.gSYSPLLConfig  ti_msp_dl_config.o
    0x000052fc   0x000052fc   0x00000003   Data   RO          135    .rodata.gTIMER_0ClockConfig  ti_msp_dl_config.o
    0x000052ff   0x000052ff   0x00000001   PAD
    0x00005300   0x00005300   0x00000014   Data   RO          136    .rodata.gTIMER_0TimerConfig  ti_msp_dl_config.o
    0x00005314   0x00005314   0x00000002   Data   RO          137    .rodata.gUART_0ClockConfig  ti_msp_dl_config.o
    0x00005316   0x00005316   0x0000000a   Data   RO          138    .rodata.gUART_0Config  ti_msp_dl_config.o
    0x00005320   0x00005320   0x00000002   Data   RO          139    .rodata.gUART_1ClockConfig  ti_msp_dl_config.o
    0x00005322   0x00005322   0x0000000a   Data   RO          140    .rodata.gUART_1Config  ti_msp_dl_config.o
    0x0000532c   0x0000532c   0x00000474   Data   RO         1366    .rodata.oled_asc2_1206  oled.o
    0x000057a0   0x000057a0   0x000005f0   Data   RO         1367    .rodata.oled_asc2_1608  oled.o
    0x00005d90   0x00005d90   0x00000072   Data   RO         1594    .rodata.str1.1      show.o
    0x00005e02   0x00005e02   0x00000002   PAD
    0x00005e04   0x00005e04   0x00000020   Data   RO         1834    Region$$Table       anon$$obj.o


    Execution Region RW_IRAM2 (Exec base: 0x20200000, Load base: 0x00005e28, Size: 0x00001898, Max: 0x00008000, ABSOLUTE)

    Exec Addr    Load Addr    Size         Type   Attr      Idx    E Section Name        Object

    0x20200000   0x00005e28   0x00000004   Data   RW         1814    .data               mc_p.l(errno.o)
    0x20200004   0x00005e2c   0x00000004   Data   RW          157    .data.RC_Velocity   empty.o
    0x20200008   0x00005e30   0x00000004   Data   RW         1510    .data.Turn90Angle   ir_module.o
    0x2020000c   0x00005e34   0x00000004   Data   RW         1550    .data.Velocity_KI   control.o
    0x20200010   0x00005e38   0x00000004   Data   RW         1549    .data.Velocity_KP   control.o
    0x20200014   0x00005e3c   0x00000010   Data   RW          161    .data.black         empty.o
    0x20200024   0x00005e4c   0x00000004   Data   RW         1555    .data.fllow_speed   control.o
    0x20200028   0x00005e50   0x00000004   Data   RW         1511    .data.maxTurnAngle  ir_module.o
    0x2020002c   0x00005e54   0x00000004   Data   RW         1512    .data.midTurnAngle  ir_module.o
    0x20200030   0x00005e58   0x00000004   Data   RW         1513    .data.minTurnAngle  ir_module.o
    0x20200034   0x00005e5c   0x00000001   Data   RW         1553    .data.round_number  control.o
    0x20200035   0x00005e5d   0x00000003   PAD
    0x20200038   0x00005e60   0x00000004   Data   RW         1548    .data.turn_cnt      control.o
    0x2020003c   0x00005e64   0x00000004   Data   RW         1551    .data.turn_p        control.o
    0x20200040   0x00005e68   0x00000010   Data   RW          160    .data.white         empty.o
    0x20200050        -       0x00000010   Zero   RW          159    .bss.Anolog         empty.o
    0x20200060        -       0x00000001   Zero   RW         1647    .bss.BTBufferHandler.handleSize  uart_callback.o
    0x20200061        -       0x00000001   Zero   RW         1646    .bss.BTBufferHandler.handleflag  uart_callback.o
    0x20200062        -       0x00000001   Zero   RW         1648    .bss.BTBufferHandler.lastSize  uart_callback.o
    0x20200063   0x00005e78   0x00000001   PAD
    0x20200064        -       0x00000004   Zero   RW         1641    .bss.Flag_Direction  uart_callback.o
    0x20200068        -       0x00000004   Zero   RW         1656    .bss.Flag_Left      uart_callback.o
    0x2020006c        -       0x00000004   Zero   RW         1657    .bss.Flag_Right     uart_callback.o
    0x20200070        -       0x00000004   Zero   RW         1447    .bss.Get_Encoder_countA  encoder.o
    0x20200074        -       0x00000004   Zero   RW         1448    .bss.Get_Encoder_countB  encoder.o
    0x20200078        -       0x00000004   Zero   RW         1566    .bss.Incremental_PI_Left.Bias  control.o
    0x2020007c        -       0x00000004   Zero   RW         1568    .bss.Incremental_PI_Left.Last_bias  control.o
    0x20200080        -       0x00000004   Zero   RW         1567    .bss.Incremental_PI_Left.Pwm  control.o
    0x20200084        -       0x00000004   Zero   RW         1569    .bss.Incremental_PI_Right.Bias  control.o
    0x20200088        -       0x00000004   Zero   RW         1571    .bss.Incremental_PI_Right.Last_bias  control.o
    0x2020008c        -       0x00000004   Zero   RW         1570    .bss.Incremental_PI_Right.Pwm  control.o
    0x20200090        -       0x00000002   Zero   RW         1416    .bss.LED_Flash.temp  led.o
    0x20200092   0x00005e78   0x00000002   PAD
    0x20200094        -       0x00000010   Zero   RW         1563    .bss.MotorA         control.o
    0x202000a4        -       0x00000010   Zero   RW         1564    .bss.MotorB         control.o
    0x202000b4        -       0x00000004   Zero   RW          168    .bss.Move_X         empty.o
    0x202000b8        -       0x00000004   Zero   RW          170    .bss.Move_Z         empty.o
    0x202000bc        -       0x00000010   Zero   RW          163    .bss.Normal         empty.o
    0x202000cc        -       0x00000400   Zero   RW         1369    .bss.OLED_GRAM      oled.o
    0x202004cc        -       0x00000008   Zero   RW         1565    .bss.OriginalEncoder  control.o
    0x202004d4        -       0x00000001   Zero   RW          166    .bss.PID_Send       empty.o
    0x202004d5   0x00005e78   0x00000003   PAD
    0x202004d8        -       0x00000004   Zero   RW         1561    .bss.Pos_Left       control.o
    0x202004dc        -       0x00000004   Zero   RW         1562    .bss.Pos_Right      control.o
    0x202004e0        -       0x00000004   Zero   RW         1552    .bss.Run_Mode       control.o
    0x202004e4        -       0x00000001   Zero   RW         1560    .bss.TIMG0_IRQHandler.last_flag  control.o
    0x202004e5   0x00005e78   0x00000001   PAD
    0x202004e6        -       0x00000002   Zero   RW         1559    .bss.TIMG0_IRQHandler.time_count  control.o
    0x202004e8        -       0x00000004   Zero   RW         1655    .bss.Turn_Flag      uart_callback.o
    0x202004ec        -       0x00000004   Zero   RW          158    .bss.Voltage        empty.o
    0x202004f0        -       0x00000004   Zero   RW         1654    .bss.bt_control.Data  uart_callback.o
    0x202004f4        -       0x00000001   Zero   RW         1650    .bss.bt_control.Flag_PID  uart_callback.o
    0x202004f5        -       0x00000032   Zero   RW         1653    .bss.bt_control.Receive  uart_callback.o
    0x20200527   0x00005e78   0x00000001   PAD
    0x20200528        -       0x00000004   Zero   RW         1649    .bss.bt_control.Usart_Receive  uart_callback.o
    0x2020052c        -       0x00000001   Zero   RW         1651    .bss.bt_control.i   uart_callback.o
    0x2020052d        -       0x00000001   Zero   RW         1652    .bss.bt_control.j   uart_callback.o
    0x2020052e        -       0x00000001   Zero   RW         1642    .bss.gBTCounts      uart_callback.o
    0x2020052f        -       0x000000c8   Zero   RW         1645    .bss.gBTPacket      uart_callback.o
    0x202005f7        -       0x00000001   Zero   RW         1498    .bss.gCheckADC      adc.o
    0x202005f8        -       0x000000bc   Zero   RW          131    .bss.gPWM_0Backup   ti_msp_dl_config.o
    0x202006b4        -       0x00000004   Zero   RW         1445    .bss.gpio_interrup1  encoder.o
    0x202006b8        -       0x00000004   Zero   RW         1446    .bss.gpio_interrup2  encoder.o
    0x202006bc        -       0x00000001   Zero   RW         1496    .bss.is_jianche     adc.o
    0x202006bd        -       0x00000001   Zero   RW         1497    .bss.jiaozhun       adc.o
    0x202006be        -       0x00000001   Zero   RW         1390    .bss.key_scan.check_once  key.o
    0x202006bf   0x00005e78   0x00000001   PAD
    0x202006c0        -       0x00000002   Zero   RW         1388    .bss.key_scan.long_press_time  key.o
    0x202006c2        -       0x00000001   Zero   RW         1389    .bss.key_scan.press_flag  key.o
    0x202006c3   0x00005e78   0x00000001   PAD
    0x202006c4        -       0x00000002   Zero   RW         1387    .bss.key_scan.time_core  key.o
    0x202006c6        -       0x00000001   Zero   RW         1394    .bss.key_scan_2.check_once  key.o
    0x202006c7   0x00005e78   0x00000001   PAD
    0x202006c8        -       0x00000002   Zero   RW         1392    .bss.key_scan_2.long_press_time  key.o
    0x202006ca        -       0x00000001   Zero   RW         1393    .bss.key_scan_2.press_flag  key.o
    0x202006cb   0x00005e78   0x00000001   PAD
    0x202006cc        -       0x00000002   Zero   RW         1391    .bss.key_scan_2.time_core  key.o
    0x202006ce   0x00005e78   0x00000002   PAD
    0x202006d0        -       0x00000004   Zero   RW         1558    .bss.last_last_mid_value  control.o
    0x202006d4        -       0x00000004   Zero   RW         1557    .bss.last_mid_value  control.o
    0x202006d8        -       0x00000004   Zero   RW         1556    .bss.now_mid_value  control.o
    0x202006dc        -       0x00000001   Zero   RW         1593    .bss.page_number    show.o
    0x202006dd        -       0x00000100   Zero   RW          162    .bss.rx_buff        empty.o
    0x202007dd   0x00005e78   0x00000003   PAD
    0x202007e0        -       0x000000b0   Zero   RW         1500    .bss.sensor         adc.o
    0x20200890        -       0x00000001   Zero   RW         1554    .bss.turn_number    control.o
    0x20200891   0x00005e78   0x00000007   PAD
    0x20200898        -       0x00001000   Zero   RW            1    STACK               startup_mspm0g350x_uvision.o



  Load Region LR_BCR (Base: 0x41c00000, Size: 0x00000000, Max: 0x00000100, ABSOLUTE)

    Execution Region BCR_CONFIG (Exec base: 0x41c00000, Load base: 0x41c00000, Size: 0x00000000, Max: 0x00000080, ABSOLUTE)

    **** No section assigned to this execution region ****



  Load Region LR_BSL (Base: 0x41c00100, Size: 0x00000000, Max: 0x00000100, ABSOLUTE)

    Execution Region BSL_CONFIG (Exec base: 0x41c00100, Load base: 0x41c00100, Size: 0x00000000, Max: 0x00000080, ABSOLUTE)

    **** No section assigned to this execution region ****


==============================================================================

Image component sizes


      Code (inc. data)   RO Data    RW Data    ZI Data      Debug   Object Name

      1776         44         32          0        179      11090   adc.o
       204         20          0          0          0       4604   board.o
      2010        296          0         21         92       8131   control.o
       112          8          0          0          0       4194   dl_adc12.o
        20          0          0          0          0        739   dl_common.o
       250          4          0          0          0       4307   dl_dma.o
      1214        180          0          0          0      20776   dl_timer.o
       170          8          0          0          0      10786   dl_uart.o
       600         52          0         36        301       3236   empty.o
       358         28          0          0         16       4141   encoder.o
         0          0          0         16          0       1305   ir_module.o
       846         56          0          0         12       4811   key.o
       148         12          0          0          2       4142   led.o
       308          8          0          0          0       5863   motor.o
      1536         20       2660          0       1024       7747   oled.o
      1308        184        114          0          1       2238   show.o
        20          4        192          0       4096        752   startup_mspm0g350x_uvision.o
      2586        236        130          0        188      39634   ti_msp_dl_config.o
      1446        176          0          0        281       7147   uart_callback.o

    ----------------------------------------------------------------------
     14928       1336       3164         76       6216     145643   Object Totals
         0          0         32          0          0          0   (incl. Generated)
        16          0          4          3         24          0   (incl. Padding)

    ----------------------------------------------------------------------

      Code (inc. data)   RO Data    RW Data    ZI Data      Debug   Library Member Name

       232         20          0          0          0      18490   dl_sysctl_mspm0g1x0x_g3x0x.o
        84         14          0          0          0        340   dunder.o
        44          4          0          0          0         60   fpclassify.o
       172          0          0          0          0         76   poly.o
      2516        206        136          0          0        236   pow.o
         0          0          8          0          0          0   qnan.o
        72          6          0          0          0         76   sqrt.o
         0          0          0          0          0          0   entry.o
         0          0          0          0          0          0   entry10a.o
         0          0          0          0          0          0   entry11a.o
         8          4          0          0          0          0   entry2.o
         4          0          0          0          0          0   entry5.o
         0          0          0          0          0          0   entry7b.o
         0          0          0          0          0          0   entry8b.o
         8          4          0          0          0          0   entry9a.o
        12          6          0          4          0         60   errno.o
        30          0          0          0          0          0   handlers.o
        80          6          0          0          0         72   idiv_div0.o
        48         10          0          0          0         68   init.o
         0          0          0          0          0          0   iusefp.o
        32          0          0          0          0         68   llshl.o
        38          0          0          0          0         68   llsshr.o
        34          0          0          0          0         68   llushr.o
        36          0          0          0          0         60   memcpya.o
        36          0          0          0          0        100   memseta.o
        62          0          0          0          0         72   uidiv_div0.o
        40          2          0          0          0         68   cdrcmple.o
        56          0          0          0          0         68   d2f.o
       356          4          0          0          0        140   dadd.o
        44          0          0          0          0         68   dcmple.o
       240          6          0          0          0         84   ddiv.o
       236          0          0          0          0        216   depilogue.o
        72         10          0          0          0         72   dfixi.o
        40          6          0          0          0         68   dflti.o
        28          4          0          0          0         68   dfltui.o
       208          6          0          0          0         88   dmul.o
        44          0          0          0          0         72   dscalb.o
       162          0          0          0          0         80   dsqrt.o
        40          0          0          0          0         60   f2d.o
       178          0          0          0          0        108   fadd.o
        28          0          0          0          0         60   fcmpge.o
        28          0          0          0          0         60   fcmple.o
        28          0          0          0          0         60   fcmplt.o
       124          0          0          0          0         72   fdiv.o
       130          0          0          0          0        144   fepilogue.o
        50          0          0          0          0         60   ffixi.o
        22          0          0          0          0         68   fflti.o
        14          0          0          0          0         68   ffltui.o
       122          0          0          0          0         72   fmul.o

    ----------------------------------------------------------------------
      5864        326        144          4          0      21838   Library Totals
        26          8          0          0          0          0   (incl. Padding)

    ----------------------------------------------------------------------

      Code (inc. data)   RO Data    RW Data    ZI Data      Debug   Library Name

       232         20          0          0          0      18490   driverlib.a
      2888        230        144          0          0        788   m_ps.l
       428         30          0          4          0        636   mc_p.l
      2290         38          0          0          0       1924   mf_p.l

    ----------------------------------------------------------------------
      5864        326        144          4          0      21838   Library Totals

    ----------------------------------------------------------------------

==============================================================================


      Code (inc. data)   RO Data    RW Data    ZI Data      Debug   

     20792       1662       3308         80       6216     165569   Grand Totals
     20792       1662       3308         80       6216     165569   ELF Image Totals
     20792       1662       3308         80          0          0   ROM Totals

==============================================================================

    Total RO  Size (Code + RO Data)                24100 (  23.54kB)
    Total RW  Size (RW Data + ZI Data)              6296 (   6.15kB)
    Total ROM Size (Code + RO Data + RW Data)      24180 (  23.61kB)

==============================================================================

