<html>
<body>
<pre>
<h1>礦ision Build Log</h1>
<h2>Tool Versions:</h2>
IDE-Version: μVision V5.41.0.0
Copyright (C) 2024 ARM Ltd and ARM Germany GmbH. All rights reserved.
License Information: 1 27366, 1, LIC=8VRJ7-EN74T-DYGV3-AV19C-R57II-GLT5L
 
Tool Versions:
Toolchain:       MDK-ARM Plus  Version: 5.41.0.0
Toolchain Path:  D:\KEIL\Keil mdk\keil_mdk_core\ARM\ARMCLANG\Bin
C Compiler:      ArmClang.exe V6.22
Assembler:       Armasm.exe V6.22
Linker/Locator:  ArmLink.exe V6.22
Library Manager: ArmAr.exe V6.22
Hex Converter:   FromElf.exe V6.22
CPU DLL:         SARMCM3.DLL V5.41.0.0
Dialog DLL:      DARMCM1.DLL V1.19.6.0
Target DLL:      CMSIS_AGDI.dll V1.33.21.0
Dialog DLL:      TARMCM1.DLL V1.14.6.0
 
<h2>Project:</h2>
D:\Desk\electric_competition\TI_MSP\WHEELTEC_C07A_IRF_CAR (3)\WHEELTEC_C07A_IRF_CAR\keil\empty_LP_MSPM0G3507_nortos_keil.uvprojx
Project File Date:  07/31/2025

<h2>Output:</h2>
*** Using Compiler 'V6.22', folder: 'D:\KEIL\Keil mdk\keil_mdk_core\ARM\ARMCLANG\Bin'
Build target 'MSPM0G3507_Project'
Before Build - User command #1: cmd.exe /C "D:\Desk\electric_competition\TI_MSP\WHEELTEC_C07A_IRF_CAR (3)\WHEELTEC_C07A_IRF_CAR\keil\../tools/keil/syscfg.bat 'D:\Desk\electric_competition\TI_MSP\WHEELTEC_C07A_IRF_CAR (3)\WHEELTEC_C07A_IRF_CAR\keil\' empty.syscfg"
'D:\Desk\electric_competition\TI_MSP\WHEELTEC_C07A_IRF_CAR' 不是内部或外部命令，也不是可运行的程序
或批处理文件。
compiling empty.c...
linking...
Program Size: Code=20792 RO-data=3308 RW-data=80 ZI-data=6216  
FromELF: creating hex file...
".\Objects\empty_LP_MSPM0G3507_nortos_keil.axf" - 0 Error(s), 0 Warning(s).

<h2>Software Packages used:</h2>

Package Vendor: TexasInstruments
                https://software-dl.ti.com/msp430/esd/MSPM0-CMSIS/MSPM0G1X0X_G3X0X/latest/exports/TexasInstruments.MSPM0G1X0X_G3X0X_DFP.1.3.1.pack
                TexasInstruments::MSPM0G1X0X_G3X0X_DFP@1.3.1
                Device Family Pack for Texas Instruments MSPM0G1X0X_G3X0X Series

<h2>Collection of Component include folders:</h2>

<h2>Collection of Component Files used:</h2>
Build Time Elapsed:  00:00:02
</pre>
</body>
</html>
